Archive member included to satisfy reference by file (symbol)

d:/software_files_technical_bank/truestudio for stm32 9.3.0/armtools/bin/../lib/gcc/arm-atollic-eabi/6.3.1/../../../../arm-atollic-eabi/lib/armv7-m\libc_nano.a(lib_a-errno.o)
                              Src\syscalls.o (__errno)
d:/software_files_technical_bank/truestudio for stm32 9.3.0/armtools/bin/../lib/gcc/arm-atollic-eabi/6.3.1/../../../../arm-atollic-eabi/lib/armv7-m\libc_nano.a(lib_a-impure.o)
                              d:/software_files_technical_bank/truestudio for stm32 9.3.0/armtools/bin/../lib/gcc/arm-atollic-eabi/6.3.1/../../../../arm-atollic-eabi/lib/armv7-m\libc_nano.a(lib_a-errno.o) (_impure_ptr)
d:/software_files_technical_bank/truestudio for stm32 9.3.0/armtools/bin/../lib/gcc/arm-atollic-eabi/6.3.1/../../../../arm-atollic-eabi/lib/armv7-m\libc_nano.a(lib_a-init.o)
                              startup\startup_stm32f103xe.o (__libc_init_array)
d:/software_files_technical_bank/truestudio for stm32 9.3.0/armtools/bin/../lib/gcc/arm-atollic-eabi/6.3.1/../../../../arm-atollic-eabi/lib/armv7-m\libc_nano.a(lib_a-locale.o)
                              Src\cJSON.o (__locale_ctype_ptr)
d:/software_files_technical_bank/truestudio for stm32 9.3.0/armtools/bin/../lib/gcc/arm-atollic-eabi/6.3.1/../../../../arm-atollic-eabi/lib/armv7-m\libc_nano.a(lib_a-malloc.o)
                              Src\cJSON.o (malloc)
d:/software_files_technical_bank/truestudio for stm32 9.3.0/armtools/bin/../lib/gcc/arm-atollic-eabi/6.3.1/../../../../arm-atollic-eabi/lib/armv7-m\libc_nano.a(lib_a-mbtowc_r.o)
                              d:/software_files_technical_bank/truestudio for stm32 9.3.0/armtools/bin/../lib/gcc/arm-atollic-eabi/6.3.1/../../../../arm-atollic-eabi/lib/armv7-m\libc_nano.a(lib_a-locale.o) (__ascii_mbtowc)
d:/software_files_technical_bank/truestudio for stm32 9.3.0/armtools/bin/../lib/gcc/arm-atollic-eabi/6.3.1/../../../../arm-atollic-eabi/lib/armv7-m\libc_nano.a(lib_a-memcpy-stub.o)
                              Src\MD5.o (memcpy)
d:/software_files_technical_bank/truestudio for stm32 9.3.0/armtools/bin/../lib/gcc/arm-atollic-eabi/6.3.1/../../../../arm-atollic-eabi/lib/armv7-m\libc_nano.a(lib_a-memset.o)
                              Src\AlarmTask.o (memset)
d:/software_files_technical_bank/truestudio for stm32 9.3.0/armtools/bin/../lib/gcc/arm-atollic-eabi/6.3.1/../../../../arm-atollic-eabi/lib/armv7-m\libc_nano.a(lib_a-nano-freer.o)
                              d:/software_files_technical_bank/truestudio for stm32 9.3.0/armtools/bin/../lib/gcc/arm-atollic-eabi/6.3.1/../../../../arm-atollic-eabi/lib/armv7-m\libc_nano.a(lib_a-malloc.o) (_free_r)
d:/software_files_technical_bank/truestudio for stm32 9.3.0/armtools/bin/../lib/gcc/arm-atollic-eabi/6.3.1/../../../../arm-atollic-eabi/lib/armv7-m\libc_nano.a(lib_a-nano-mallocr.o)
                              d:/software_files_technical_bank/truestudio for stm32 9.3.0/armtools/bin/../lib/gcc/arm-atollic-eabi/6.3.1/../../../../arm-atollic-eabi/lib/armv7-m\libc_nano.a(lib_a-malloc.o) (_malloc_r)
d:/software_files_technical_bank/truestudio for stm32 9.3.0/armtools/bin/../lib/gcc/arm-atollic-eabi/6.3.1/../../../../arm-atollic-eabi/lib/armv7-m\libc_nano.a(lib_a-nano-vfprintf_float.o)
                              (_printf_float)
d:/software_files_technical_bank/truestudio for stm32 9.3.0/armtools/bin/../lib/gcc/arm-atollic-eabi/6.3.1/../../../../arm-atollic-eabi/lib/armv7-m\libc_nano.a(lib_a-nano-vfprintf_i.o)
                              d:/software_files_technical_bank/truestudio for stm32 9.3.0/armtools/bin/../lib/gcc/arm-atollic-eabi/6.3.1/../../../../arm-atollic-eabi/lib/armv7-m\libc_nano.a(lib_a-nano-vfprintf_float.o) (_printf_common)
d:/software_files_technical_bank/truestudio for stm32 9.3.0/armtools/bin/../lib/gcc/arm-atollic-eabi/6.3.1/../../../../arm-atollic-eabi/lib/armv7-m\libc_nano.a(lib_a-realloc.o)
                              Src\cJSON.o (realloc)
d:/software_files_technical_bank/truestudio for stm32 9.3.0/armtools/bin/../lib/gcc/arm-atollic-eabi/6.3.1/../../../../arm-atollic-eabi/lib/armv7-m\libc_nano.a(lib_a-sbrkr.o)
                              d:/software_files_technical_bank/truestudio for stm32 9.3.0/armtools/bin/../lib/gcc/arm-atollic-eabi/6.3.1/../../../../arm-atollic-eabi/lib/armv7-m\libc_nano.a(lib_a-nano-mallocr.o) (_sbrk_r)
d:/software_files_technical_bank/truestudio for stm32 9.3.0/armtools/bin/../lib/gcc/arm-atollic-eabi/6.3.1/../../../../arm-atollic-eabi/lib/armv7-m\libc_nano.a(lib_a-sprintf.o)
                              Src\NBiotTask.o (sprintf)
d:/software_files_technical_bank/truestudio for stm32 9.3.0/armtools/bin/../lib/gcc/arm-atollic-eabi/6.3.1/../../../../arm-atollic-eabi/lib/armv7-m\libc_nano.a(lib_a-sscanf.o)
                              Src\cJSON.o (sscanf)
d:/software_files_technical_bank/truestudio for stm32 9.3.0/armtools/bin/../lib/gcc/arm-atollic-eabi/6.3.1/../../../../arm-atollic-eabi/lib/armv7-m\libc_nano.a(lib_a-stdio.o)
[...]
Memory Configuration

Name             Origin             Length             Attributes
RAM              0x20000000         0x0000c000         xrw
FLASH            0x08000000         0x00040000         xr
*default*        0x00000000         0xffffffff

Linker script and memory map

LOAD d:/software_files_technical_bank/truestudio for stm32 9.3.0/armtools/bin/../lib/gcc/arm-atollic-eabi/6.3.1/armv7-m/crti.o
LOAD d:/software_files_technical_bank/truestudio for stm32 9.3.0/armtools/bin/../lib/gcc/arm-atollic-eabi/6.3.1/armv7-m/crtbegin.o
LOAD Drivers\STM32F1xx_HAL_Driver\Src\stm32f1xx_hal.o
LOAD Drivers\STM32F1xx_HAL_Driver\Src\stm32f1xx_hal_adc.o
LOAD Drivers\STM32F1xx_HAL_Driver\Src\stm32f1xx_hal_adc_ex.o
LOAD Drivers\STM32F1xx_HAL_Driver\Src\stm32f1xx_hal_can.o
LOAD Drivers\STM32F1xx_HAL_Driver\Src\stm32f1xx_hal_cortex.o
LOAD Drivers\STM32F1xx_HAL_Driver\Src\stm32f1xx_hal_dma.o
LOAD Drivers\STM32F1xx_HAL_Driver\Src\stm32f1xx_hal_flash.o
LOAD Drivers\STM32F1xx_HAL_Driver\Src\stm32f1xx_hal_flash_ex.o
LOAD Drivers\STM32F1xx_HAL_Driver\Src\stm32f1xx_hal_gpio.o
LOAD Drivers\STM32F1xx_HAL_Driver\Src\stm32f1xx_hal_gpio_ex.o
LOAD Drivers\STM32F1xx_HAL_Driver\Src\stm32f1xx_hal_i2c.o
LOAD Drivers\STM32F1xx_HAL_Driver\Src\stm32f1xx_hal_iwdg.o
LOAD Drivers\STM32F1xx_HAL_Driver\Src\stm32f1xx_hal_pwr.o
LOAD Drivers\STM32F1xx_HAL_Driver\Src\stm32f1xx_hal_rcc.o
LOAD Drivers\STM32F1xx_HAL_Driver\Src\stm32f1xx_hal_rcc_ex.o
LOAD Drivers\STM32F1xx_HAL_Driver\Src\stm32f1xx_hal_tim.o
LOAD Drivers\STM32F1xx_HAL_Driver\Src\stm32f1xx_hal_tim_ex.o
LOAD Drivers\STM32F1xx_HAL_Driver\Src\stm32f1xx_hal_uart.o
LOAD Src\AlarmTask.o
LOAD Src\BH1750.o
LOAD Src\CanAnalysis.o
LOAD Src\FilterAlgorithm.o
LOAD Src\Gas.o
LOAD Src\HardwareInit.o
LOAD Src\Led.o
LOAD Src\LoraAnalysis.o
LOAD Src\LoraNode.o
LOAD Src\MD5.o
LOAD Src\NBiotTask.o
LOAD Src\NTC.o
LOAD Src\Package.o
LOAD Src\SHT30.o
LOAD Src\SensorTask.o
LOAD Src\WaterMeter.o
LOAD Src\adc.o
LOAD Src\cJSON.o
LOAD Src\can.o
LOAD Src\dma.o
LOAD Src\gpio.o
LOAD Src\heap_4.o
LOAD Src\i2c.o
LOAD Src\iwdg.o
LOAD Src\main.o
LOAD Src\stm32f1xx_hal_msp.o
LOAD Src\stm32f1xx_it.o
LOAD Src\syscalls.o
LOAD Src\system_stm32f1xx.o
LOAD Src\tim.o
LOAD Src\usart.o
LOAD startup\startup_stm32f103xe.o
                0x00000080                malloc_getpagesize_P = 0x80
START GROUP
LOAD d:/software_files_technical_bank/truestudio for stm32 9.3.0/armtools/bin/../lib/gcc/arm-atollic-eabi/6.3.1/../../../../arm-atollic-eabi/lib/armv7-m\libc_nano.a
LOAD d:/software_files_technical_bank/truestudio for stm32 9.3.0/armtools/bin/../lib/gcc/arm-atollic-eabi/6.3.1/../../../../arm-atollic-eabi/lib/armv7-m\libm.a
END GROUP
START GROUP
LOAD d:/software_files_technical_bank/truestudio for stm32 9.3.0/armtools/bin/../lib/gcc/arm-atollic-eabi/6.3.1/armv7-m\libgcc.a
LOAD d:/software_files_technical_bank/truestudio for stm32 9.3.0/armtools/bin/../lib/gcc/arm-atollic-eabi/6.3.1/../../../../arm-atollic-eabi/lib/armv7-m\libc_nano.a
END GROUP
START GROUP
LOAD d:/software_files_technical_bank/truestudio for stm32 9.3.0/armtools/bin/../lib/gcc/arm-atollic-eabi/6.3.1/armv7-m\libgcc.a
LOAD d:/software_files_technical_bank/truestudio for stm32 9.3.0/armtools/bin/../lib/gcc/arm-atollic-eabi/6.3.1/../../../../arm-atollic-eabi/lib/armv7-m\libc_nano.a
LOAD d:/software_files_technical_bank/truestudio for stm32 9.3.0/armtools/bin/../lib/gcc/arm-atollic-eabi/6.3.1/../../../../arm-atollic-eabi/lib/armv7-m\libnosys.a
END GROUP
START GROUP
LOAD d:/software_files_technical_bank/truestudio for stm32 9.3.0/armtools/bin/../lib/gcc/arm-atollic-eabi/6.3.1/armv7-m\libgcc.a
LOAD d:/software_files_technical_bank/truestudio for stm32 9.3.0/armtools/bin/../lib/gcc/arm-atollic-eabi/6.3.1/../../../../arm-atollic-eabi/lib/armv7-m\libc_nano.a
LOAD d:/software_files_technical_bank/truestudio for stm32 9.3.0/armtools/bin/../lib/gcc/arm-atollic-eabi/6.3.1/../../../../arm-atollic-eabi/lib/armv7-m\libnosys.a
END GROUP
LOAD d:/software_files_technical_bank/truestudio for stm32 9.3.0/armtools/bin/../lib/gcc/arm-atollic-eabi/6.3.1/armv7-m/crtend.o
LOAD d:/software_files_technical_bank/truestudio for stm32 9.3.0/armtools/bin/../lib/gcc/arm-atollic-eabi/6.3.1/armv7-m/crtn.o
                0x2000c000                _estack = 0x2000c000
                0x00000200                _Min_Heap_Size = 0x200
                0x00000400                _Min_Stack_Size = 0x400

.isr_vector     0x08000000      0x1e4
                0x08000000                . = ALIGN (0x4)
 *(.isr_vector)
 .isr_vector    0x08000000      0x1e4 startup\startup_stm32f103xe.o
                0x08000000                g_pfnVectors
                0x080001e4                . = ALIGN (0x4)

.text           0x080001e8     0xcf58
                0x080001e8                . = ALIGN (0x4)
 *(.text)
 .text          0x080001e8       0x40 d:/software_files_technical_bank/truestudio for stm32 9.3.0/armtools/bin/../lib/gcc/arm-atollic-eabi/6.3.1/armv7-m/crtbegin.o
 .text          0x08000228       0x10 d:/software_files_technical_bank/truestudio for stm32 9.3.0/armtools/bin/../lib/gcc/arm-atollic-eabi/6.3.1/../../../../arm-atollic-eabi/lib/armv7-m\libc_nano.a(lib_a-strlen.o)
                0x08000228                strlen
 .text          0x08000238      0x370 d:/software_files_technical_bank/truestudio for stm32 9.3.0/armtools/bin/../lib/gcc/arm-atollic-eabi/6.3.1/armv7-m\libgcc.a(_arm_addsubdf3.o)
                0x08000238                __aeabi_drsub
                0x08000240                __aeabi_dsub
                0x08000240                __subdf3
                0x08000244                __aeabi_dadd
                0x08000244                __adddf3
                0x080004bc                __floatunsidf
                0x080004bc                __aeabi_ui2d
                0x080004dc                __floatsidf
                0x080004dc                __aeabi_i2d
                0x08000500                __aeabi_f2d
                0x08000500                __extendsfdf2
                0x0800053c                __floatundidf
                0x0800053c                __aeabi_ul2d
                0x0800054c                __floatdidf
                0x0800054c                __aeabi_l2d
 .text          0x080005a8      0x424 d:/software_files_technical_bank/truestudio for stm32 9.3.0/armtools/bin/../lib/gcc/arm-atollic-eabi/6.3.1/armv7-m\libgcc.a(_arm_muldivdf3.o)
                0x080005a8                __aeabi_dmul
                0x080005a8                __muldf3
                0x080007fc                __divdf3
                0x080007fc                __aeabi_ddiv
 .text          0x080009cc      0x110 d:/software_files_technical_bank/truestudio for stm32 9.3.0/armtools/bin/../lib/gcc/arm-atollic-eabi/6.3.1/armv7-m\libgcc.a(_arm_cmpdf2.o)
                0x080009cc                __gtdf2
                0x080009cc                __gedf2
                0x080009d4                __ltdf2
                0x080009d4                __ledf2
                0x080009dc                __nedf2
                0x080009dc                __eqdf2
                0x080009dc                __cmpdf2
                0x08000a58                __aeabi_cdrcmple
                0x08000a68                __aeabi_cdcmpeq
                0x08000a68                __aeabi_cdcmple
                0x08000a78                __aeabi_dcmpeq
                0x08000a8c                __aeabi_dcmplt
                0x08000aa0                __aeabi_dcmple
                0x08000ab4                __aeabi_dcmpge
                0x08000ac8                __aeabi_dcmpgt
 .text          0x08000adc       0x2c d:/software_files_technical_bank/truestudio for stm32 9.3.0/armtools/bin/../lib/gcc/arm-atollic-eabi/6.3.1/armv7-m\libgcc.a(_arm_unorddf2.o)
                0x08000adc                __unorddf2
                0x08000adc                __aeabi_dcmpun
 .text          0x08000b08       0x50 d:/software_files_technical_bank/truestudio for stm32 9.3.0/armtools/bin/../lib/gcc/arm-atollic-eabi/6.3.1/armv7-m\libgcc.a(_arm_fixdfsi.o)
                0x08000b08                __aeabi_d2iz
                0x08000b08                __fixdfsi
 .text          0x08000b58       0x40 d:/software_files_technical_bank/truestudio for stm32 9.3.0/armtools/bin/../lib/gcc/arm-atollic-eabi/6.3.1/armv7-m\libgcc.a(_arm_fixunsdfsi.o)
                0x08000b58                __aeabi_d2uiz
                0x08000b58                __fixunsdfsi
 .text          0x08000b98       0xa0 d:/software_files_technical_bank/truestudio for stm32 9.3.0/armtools/bin/../lib/gcc/arm-atollic-eabi/6.3.1/armv7-m\libgcc.a(_arm_truncdfsf2.o)
                0x08000b98                __truncdfsf2
                0x08000b98                __aeabi_d2f
 .text          0x08000c38      0x21c d:/software_files_technical_bank/truestudio for stm32 9.3.0/armtools/bin/../lib/gcc/arm-atollic-eabi/6.3.1/armv7-m\libgcc.a(_arm_addsubsf3.o)
                0x08000c38                __aeabi_frsub
                0x08000c40                __subsf3
                0x08000c40                __aeabi_fsub
                0x08000c44                __aeabi_fadd
                0x08000c44                __addsf3
                0x08000da4                __aeabi_ui2f
                0x08000da4                __floatunsisf
                0x08000dac                __aeabi_i2f
                0x08000dac                __floatsisf
                0x08000dc8                __aeabi_ul2f
                0x08000dc8                __floatundisf
                0x08000dd8                __aeabi_l2f
                0x08000dd8                __floatdisf
 .text          0x08000e54      0x2a0 d:/software_files_technical_bank/truestudio for stm32 9.3.0/armtools/bin/../lib/gcc/arm-atollic-eabi/6.3.1/armv7-m\libgcc.a(_arm_muldivsf3.o)
                0x08000e54                __mulsf3
                0x08000e54                __aeabi_fmul
                0x08000fbc                __aeabi_fdiv
                0x08000fbc                __divsf3
 .text          0x080010f4       0xec d:/software_files_technical_bank/truestudio for stm32 9.3.0/armtools/bin/../lib/gcc/arm-atollic-eabi/6.3.1/armv7-m\libgcc.a(_arm_cmpsf2.o)
                0x080010f4                __gesf2
                0x080010f4                __gtsf2
                0x080010fc                __lesf2
                0x080010fc                __ltsf2
                0x08001104                __nesf2
                0x08001104                __eqsf2
                0x08001104                __cmpsf2
                0x08001164                __aeabi_cfrcmple
                0x0800116c                __aeabi_cfcmpeq
                0x0800116c                __aeabi_cfcmple
                0x0800117c                __aeabi_fcmpeq
                0x08001190                __aeabi_fcmplt
                0x080011a4                __aeabi_fcmple
                0x080011b8                __aeabi_fcmpge
                0x080011cc                __aeabi_fcmpgt
 .text          0x080011e0       0x40 d:/software_files_technical_bank/truestudio for stm32 9.3.0/armtools/bin/../lib/gcc/arm-atollic-eabi/6.3.1/armv7-m\libgcc.a(_arm_fixunssfsi.o)
                0x080011e0                __fixunssfsi
                0x080011e0                __aeabi_f2uiz
 *(.text*)
 .text.HAL_Init
                0x08001220       0x2c Drivers\STM32F1xx_HAL_Driver\Src\stm32f1xx_hal.o
                0x08001220                HAL_Init
 .text.HAL_InitTick
                0x0800124c       0x60 Drivers\STM32F1xx_HAL_Driver\Src\stm32f1xx_hal.o
                0x0800124c                HAL_InitTick
 .text.HAL_IncTick
                0x080012ac       0x24 Drivers\STM32F1xx_HAL_Driver\Src\stm32f1xx_hal.o
                0x080012ac                HAL_IncTick
 .text.HAL_GetTick
                0x080012d0       0x14 Drivers\STM32F1xx_HAL_Driver\Src\stm32f1xx_hal.o
                0x080012d0                HAL_GetTick
 .text.HAL_Delay
                0x080012e4       0x44 Drivers\STM32F1xx_HAL_Driver\Src\stm32f1xx_hal.o
                0x080012e4                HAL_Delay
 .text.HAL_GetUID
                0x08001328       0x3c Drivers\STM32F1xx_HAL_Driver\Src\stm32f1xx_hal.o
                0x08001328                HAL_GetUID
 .text.HAL_ADC_Init
                0x08001364      0x1d4 Drivers\STM32F1xx_HAL_Driver\Src\stm32f1xx_hal_adc.o
                0x08001364                HAL_ADC_Init
 .text.HAL_ADC_Start
                0x08001538      0x15c Drivers\STM32F1xx_HAL_Driver\Src\stm32f1xx_hal_adc.o
                0x08001538                HAL_ADC_Start
 .text.HAL_ADC_Stop
                0x08001694       0x58 Drivers\STM32F1xx_HAL_Driver\Src\stm32f1xx_hal_adc.o
                0x08001694                HAL_ADC_Stop
 .text.HAL_ADC_PollForConversion
                0x080016ec      0x1f4 Drivers\STM32F1xx_HAL_Driver\Src\stm32f1xx_hal_adc.o
                0x080016ec                HAL_ADC_PollForConversion
 .text.HAL_ADC_GetValue
                0x080018e0       0x18 Drivers\STM32F1xx_HAL_Driver\Src\stm32f1xx_hal_adc.o
                0x080018e0                HAL_ADC_GetValue
 .text.HAL_ADC_ConfigChannel
                0x080018f8      0x1f0 Drivers\STM32F1xx_HAL_Driver\Src\stm32f1xx_hal_adc.o
                0x080018f8                HAL_ADC_ConfigChannel
 .text.ADC_Enable
                0x08001ae8       0xa4 Drivers\STM32F1xx_HAL_Driver\Src\stm32f1xx_hal_adc.o
                0x08001ae8                ADC_Enable
 .text.ADC_ConversionStop_Disable
                0x08001b8c       0x74 Drivers\STM32F1xx_HAL_Driver\Src\stm32f1xx_hal_adc.o
                0x08001b8c                ADC_ConversionStop_Disable
 .text.HAL_CAN_Init
                0x08001c00      0x1f4 Drivers\STM32F1xx_HAL_Driver\Src\stm32f1xx_hal_can.o
                0x08001c00                HAL_CAN_Init
 .text.HAL_CAN_ConfigFilter
                0x08001df4      0x192 Drivers\STM32F1xx_HAL_Driver\Src\stm32f1xx_hal_can.o
                0x08001df4                HAL_CAN_ConfigFilter
 .text.HAL_CAN_Start
                0x08001f86       0x88 Drivers\STM32F1xx_HAL_Driver\Src\stm32f1xx_hal_can.o
                0x08001f86                HAL_CAN_Start
 .text.HAL_CAN_GetRxMessage
                0x0800200e      0x224 Drivers\STM32F1xx_HAL_Driver\Src\stm32f1xx_hal_can.o
                0x0800200e                HAL_CAN_GetRxMessage
 .text.HAL_CAN_ActivateNotification
                0x08002232       0x4a Drivers\STM32F1xx_HAL_Driver\Src\stm32f1xx_hal_can.o
                0x08002232                HAL_CAN_ActivateNotification
 .text.HAL_CAN_IRQHandler
                0x0800227c      0x362 Drivers\STM32F1xx_HAL_Driver\Src\stm32f1xx_hal_can.o
                0x0800227c                HAL_CAN_IRQHandler
 .text.HAL_CAN_TxMailbox0CompleteCallback
                0x080025de       0x12 Drivers\STM32F1xx_HAL_Driver\Src\stm32f1xx_hal_can.o
                0x080025de                HAL_CAN_TxMailbox0CompleteCallback
 .text.HAL_CAN_TxMailbox1CompleteCallback
                0x080025f0       0x12 Drivers\STM32F1xx_HAL_Driver\Src\stm32f1xx_hal_can.o
                0x080025f0                HAL_CAN_TxMailbox1CompleteCallback
 .text.HAL_CAN_TxMailbox2CompleteCallback
                0x08002602       0x12 Drivers\STM32F1xx_HAL_Driver\Src\stm32f1xx_hal_can.o
                0x08002602                HAL_CAN_TxMailbox2CompleteCallback
 .text.HAL_CAN_TxMailbox0AbortCallback
                0x08002614       0x12 Drivers\STM32F1xx_HAL_Driver\Src\stm32f1xx_hal_can.o
                0x08002614                HAL_CAN_TxMailbox0AbortCallback
 .text.HAL_CAN_TxMailbox1AbortCallback
                0x08002626       0x12 Drivers\STM32F1xx_HAL_Driver\Src\stm32f1xx_hal_can.o
                0x08002626                HAL_CAN_TxMailbox1AbortCallback
 .text.HAL_CAN_TxMailbox2AbortCallback
                0x08002638       0x12 Drivers\STM32F1xx_HAL_Driver\Src\stm32f1xx_hal_can.o
                0x08002638                HAL_CAN_TxMailbox2AbortCallback
 .text.HAL_CAN_RxFifo0FullCallback
                0x0800264a       0x12 Drivers\STM32F1xx_HAL_Driver\Src\stm32f1xx_hal_can.o
                0x0800264a                HAL_CAN_RxFifo0FullCallback
 .text.HAL_CAN_RxFifo1MsgPendingCallback
                0x0800265c       0x12 Drivers\STM32F1xx_HAL_Driver\Src\stm32f1xx_hal_can.o
                0x0800265c                HAL_CAN_RxFifo1MsgPendingCallback
 .text.HAL_CAN_RxFifo1FullCallback
                0x0800266e       0x12 Drivers\STM32F1xx_HAL_Driver\Src\stm32f1xx_hal_can.o
                0x0800266e                HAL_CAN_RxFifo1FullCallback
 .text.HAL_CAN_SleepCallback
                0x08002680       0x12 Drivers\STM32F1xx_HAL_Driver\Src\stm32f1xx_hal_can.o
                0x08002680                HAL_CAN_SleepCallback
 .text.HAL_CAN_WakeUpFromRxMsgCallback
                0x08002692       0x12 Drivers\STM32F1xx_HAL_Driver\Src\stm32f1xx_hal_can.o
                0x08002692                HAL_CAN_WakeUpFromRxMsgCallback
 .text.HAL_CAN_ErrorCallback
                0x080026a4       0x12 Drivers\STM32F1xx_HAL_Driver\Src\stm32f1xx_hal_can.o
                0x080026a4                HAL_CAN_ErrorCallback
 *fill*         0x080026b6        0x2 
 .text.NVIC_SetPriorityGrouping
                0x080026b8       0x48 Drivers\STM32F1xx_HAL_Driver\Src\stm32f1xx_hal_cortex.o
 .text.NVIC_GetPriorityGrouping
                0x08002700       0x1c Drivers\STM32F1xx_HAL_Driver\Src\stm32f1xx_hal_cortex.o
 .text.NVIC_EnableIRQ
                0x0800271c       0x30 Drivers\STM32F1xx_HAL_Driver\Src\stm32f1xx_hal_cortex.o
 .text.NVIC_SetPriority
                0x0800274c       0x54 Drivers\STM32F1xx_HAL_Driver\Src\stm32f1xx_hal_cortex.o
 .text.NVIC_EncodePriority
                0x080027a0       0x60 Drivers\STM32F1xx_HAL_Driver\Src\stm32f1xx_hal_cortex.o
 .text.NVIC_SystemReset
                0x08002800       0x28 Drivers\STM32F1xx_HAL_Driver\Src\stm32f1xx_hal_cortex.o
 .text.SysTick_Config
                0x08002828       0x44 Drivers\STM32F1xx_HAL_Driver\Src\stm32f1xx_hal_cortex.o
 .text.HAL_NVIC_SetPriorityGrouping
                0x0800286c       0x16 Drivers\STM32F1xx_HAL_Driver\Src\stm32f1xx_hal_cortex.o
                0x0800286c                HAL_NVIC_SetPriorityGrouping
 .text.HAL_NVIC_SetPriority
                0x08002882       0x38 Drivers\STM32F1xx_HAL_Driver\Src\stm32f1xx_hal_cortex.o
                0x08002882                HAL_NVIC_SetPriority
 .text.HAL_NVIC_EnableIRQ
                0x080028ba       0x1c Drivers\STM32F1xx_HAL_Driver\Src\stm32f1xx_hal_cortex.o
                0x080028ba                HAL_NVIC_EnableIRQ
 .text.HAL_NVIC_SystemReset
                0x080028d6        0xc Drivers\STM32F1xx_HAL_Driver\Src\stm32f1xx_hal_cortex.o
                0x080028d6                HAL_NVIC_SystemReset
 .text.HAL_SYSTICK_Config
                0x080028e2       0x18 Drivers\STM32F1xx_HAL_Driver\Src\stm32f1xx_hal_cortex.o
                0x080028e2                HAL_SYSTICK_Config
 *fill*         0x080028fa        0x2 
 .text.HAL_DMA_Init
                0x080028fc       0xec Drivers\STM32F1xx_HAL_Driver\Src\stm32f1xx_hal_dma.o
                0x080028fc                HAL_DMA_Init
 .text.HAL_DMA_Start_IT
                0x080029e8       0xbe Drivers\STM32F1xx_HAL_Driver\Src\stm32f1xx_hal_dma.o
                0x080029e8                HAL_DMA_Start_IT
 .text.HAL_DMA_Abort
                0x08002aa6       0x58 Drivers\STM32F1xx_HAL_Driver\Src\stm32f1xx_hal_dma.o
                0x08002aa6                HAL_DMA_Abort
 *fill*         0x08002afe        0x2 
 .text.HAL_DMA_Abort_IT
                0x08002b00      0x23c Drivers\STM32F1xx_HAL_Driver\Src\stm32f1xx_hal_dma.o
                0x08002b00                HAL_DMA_Abort_IT
 .text.HAL_DMA_IRQHandler
                0x08002d3c      0x4d0 Drivers\STM32F1xx_HAL_Driver\Src\stm32f1xx_hal_dma.o
                0x08002d3c                HAL_DMA_IRQHandler
 .text.DMA_SetConfig
                0x0800320c       0x5a Drivers\STM32F1xx_HAL_Driver\Src\stm32f1xx_hal_dma.o
 *fill*         0x08003266        0x2 
 .text.HAL_GPIO_Init
                0x08003268      0x2dc Drivers\STM32F1xx_HAL_Driver\Src\stm32f1xx_hal_gpio.o
                0x08003268                HAL_GPIO_Init
 .text.HAL_GPIO_ReadPin
                0x08003544       0x2e Drivers\STM32F1xx_HAL_Driver\Src\stm32f1xx_hal_gpio.o
                0x08003544                HAL_GPIO_ReadPin
 .text.HAL_GPIO_WritePin
                0x08003572       0x30 Drivers\STM32F1xx_HAL_Driver\Src\stm32f1xx_hal_gpio.o
                0x08003572                HAL_GPIO_WritePin
 .text.HAL_GPIO_TogglePin
                0x080035a2       0x22 Drivers\STM32F1xx_HAL_Driver\Src\stm32f1xx_hal_gpio.o
                0x080035a2                HAL_GPIO_TogglePin
 .text.HAL_I2C_Init
                0x080035c4      0x208 Drivers\STM32F1xx_HAL_Driver\Src\stm32f1xx_hal_i2c.o
                0x080035c4                HAL_I2C_Init
 .text.HAL_I2C_Master_Transmit
                0x080037cc      0x21c Drivers\STM32F1xx_HAL_Driver\Src\stm32f1xx_hal_i2c.o
                0x080037cc                HAL_I2C_Master_Transmit
 .text.HAL_I2C_Master_Receive
                0x080039e8      0x474 Drivers\STM32F1xx_HAL_Driver\Src\stm32f1xx_hal_i2c.o
                0x080039e8                HAL_I2C_Master_Receive
 .text.I2C_MasterRequestWrite
                0x08003e5c      0x104 Drivers\STM32F1xx_HAL_Driver\Src\stm32f1xx_hal_i2c.o
 .text.I2C_MasterRequestRead
                0x08003f60      0x190 Drivers\STM32F1xx_HAL_Driver\Src\stm32f1xx_hal_i2c.o
 .text.I2C_WaitOnFlagUntilTimeout
                0x080040f0       0xa2 Drivers\STM32F1xx_HAL_Driver\Src\stm32f1xx_hal_i2c.o
 .text.I2C_WaitOnMasterAddressFlagUntilTimeout
                0x08004192       0xdc Drivers\STM32F1xx_HAL_Driver\Src\stm32f1xx_hal_i2c.o
 .text.I2C_WaitOnTXEFlagUntilTimeout
                0x0800426e       0x7a Drivers\STM32F1xx_HAL_Driver\Src\stm32f1xx_hal_i2c.o
 .text.I2C_WaitOnBTFFlagUntilTimeout
                0x080042e8       0x7a Drivers\STM32F1xx_HAL_Driver\Src\stm32f1xx_hal_i2c.o
 .text.I2C_WaitOnRXNEFlagUntilTimeout
                0x08004362       0x94 Drivers\STM32F1xx_HAL_Driver\Src\stm32f1xx_hal_i2c.o
 .text.I2C_IsAcknowledgeFailed
                0x080043f6       0x4e Drivers\STM32F1xx_HAL_Driver\Src\stm32f1xx_hal_i2c.o
 .text.HAL_IWDG_Init
                0x08004444       0x72 Drivers\STM32F1xx_HAL_Driver\Src\stm32f1xx_hal_iwdg.o
                0x08004444                HAL_IWDG_Init
 .text.HAL_IWDG_Refresh
                0x080044b6       0x1e Drivers\STM32F1xx_HAL_Driver\Src\stm32f1xx_hal_iwdg.o
                0x080044b6                HAL_IWDG_Refresh
 .text.HAL_RCC_OscConfig
                0x080044d4      0x4c8 Drivers\STM32F1xx_HAL_Driver\Src\stm32f1xx_hal_rcc.o
                0x080044d4                HAL_RCC_OscConfig
 .text.HAL_RCC_ClockConfig
                0x0800499c      0x218 Drivers\STM32F1xx_HAL_Driver\Src\stm32f1xx_hal_rcc.o
                0x0800499c                HAL_RCC_ClockConfig
 .text.HAL_RCC_GetSysClockFreq
                0x08004bb4       0xc4 Drivers\STM32F1xx_HAL_Driver\Src\stm32f1xx_hal_rcc.o
                0x08004bb4                HAL_RCC_GetSysClockFreq
 .text.HAL_RCC_GetHCLKFreq
                0x08004c78       0x14 Drivers\STM32F1xx_HAL_Driver\Src\stm32f1xx_hal_rcc.o
                0x08004c78                HAL_RCC_GetHCLKFreq
 .text.HAL_RCC_GetPCLK1Freq
                0x08004c8c       0x28 Drivers\STM32F1xx_HAL_Driver\Src\stm32f1xx_hal_rcc.o
                0x08004c8c                HAL_RCC_GetPCLK1Freq
 .text.HAL_RCC_GetPCLK2Freq
                0x08004cb4       0x28 Drivers\STM32F1xx_HAL_Driver\Src\stm32f1xx_hal_rcc.o
                0x08004cb4                HAL_RCC_GetPCLK2Freq
 .text.RCC_Delay
                0x08004cdc       0x3c Drivers\STM32F1xx_HAL_Driver\Src\stm32f1xx_hal_rcc.o
 .text.HAL_RCCEx_PeriphCLKConfig
                0x08004d18      0x16c Drivers\STM32F1xx_HAL_Driver\Src\stm32f1xx_hal_rcc_ex.o
                0x08004d18                HAL_RCCEx_PeriphCLKConfig
 .text.HAL_RCCEx_GetPeriphCLKFreq
                0x08004e84      0x1d4 Drivers\STM32F1xx_HAL_Driver\Src\stm32f1xx_hal_rcc_ex.o
                0x08004e84                HAL_RCCEx_GetPeriphCLKFreq
 .text.HAL_TIM_Base_Init
                0x08005058       0x56 Drivers\STM32F1xx_HAL_Driver\Src\stm32f1xx_hal_tim.o
                0x08005058                HAL_TIM_Base_Init
 .text.HAL_TIM_Base_Start_IT
                0x080050ae       0x34 Drivers\STM32F1xx_HAL_Driver\Src\stm32f1xx_hal_tim.o
                0x080050ae                HAL_TIM_Base_Start_IT
 .text.HAL_TIM_IRQHandler
                0x080050e2      0x210 Drivers\STM32F1xx_HAL_Driver\Src\stm32f1xx_hal_tim.o
                0x080050e2                HAL_TIM_IRQHandler
 .text.HAL_TIM_ConfigClockSource
                0x080052f2      0x1b6 Drivers\STM32F1xx_HAL_Driver\Src\stm32f1xx_hal_tim.o
                0x080052f2                HAL_TIM_ConfigClockSource
 .text.HAL_TIM_OC_DelayElapsedCallback
                0x080054a8       0x12 Drivers\STM32F1xx_HAL_Driver\Src\stm32f1xx_hal_tim.o
                0x080054a8                HAL_TIM_OC_DelayElapsedCallback
 .text.HAL_TIM_IC_CaptureCallback
                0x080054ba       0x12 Drivers\STM32F1xx_HAL_Driver\Src\stm32f1xx_hal_tim.o
                0x080054ba                HAL_TIM_IC_CaptureCallback
 .text.HAL_TIM_PWM_PulseFinishedCallback
                0x080054cc       0x12 Drivers\STM32F1xx_HAL_Driver\Src\stm32f1xx_hal_tim.o
                0x080054cc                HAL_TIM_PWM_PulseFinishedCallback
 .text.HAL_TIM_TriggerCallback
                0x080054de       0x12 Drivers\STM32F1xx_HAL_Driver\Src\stm32f1xx_hal_tim.o
                0x080054de                HAL_TIM_TriggerCallback
 .text.TIM_Base_SetConfig
                0x080054f0       0xfc Drivers\STM32F1xx_HAL_Driver\Src\stm32f1xx_hal_tim.o
                0x080054f0                TIM_Base_SetConfig
 .text.TIM_TI1_ConfigInputStage
                0x080055ec       0x64 Drivers\STM32F1xx_HAL_Driver\Src\stm32f1xx_hal_tim.o
 .text.TIM_TI2_ConfigInputStage
                0x08005650       0x66 Drivers\STM32F1xx_HAL_Driver\Src\stm32f1xx_hal_tim.o
 .text.TIM_ITRx_SetConfig
                0x080056b6       0x3e Drivers\STM32F1xx_HAL_Driver\Src\stm32f1xx_hal_tim.o
 .text.TIM_ETR_SetConfig
                0x080056f4       0x42 Drivers\STM32F1xx_HAL_Driver\Src\stm32f1xx_hal_tim.o
 .text.HAL_TIMEx_MasterConfigSynchronization
                0x08005736       0x88 Drivers\STM32F1xx_HAL_Driver\Src\stm32f1xx_hal_tim_ex.o
                0x08005736                HAL_TIMEx_MasterConfigSynchronization
 .text.HAL_TIMEx_CommutationCallback
                0x080057be       0x12 Drivers\STM32F1xx_HAL_Driver\Src\stm32f1xx_hal_tim_ex.o
                0x080057be                HAL_TIMEx_CommutationCallback
 .text.HAL_TIMEx_BreakCallback
                0x080057d0       0x12 Drivers\STM32F1xx_HAL_Driver\Src\stm32f1xx_hal_tim_ex.o
                0x080057d0                HAL_TIMEx_BreakCallback
 .text.HAL_UART_Init
                0x080057e2       0x9a Drivers\STM32F1xx_HAL_Driver\Src\stm32f1xx_hal_uart.o
                0x080057e2                HAL_UART_Init
 .text.HAL_UART_Transmit
                0x0800587c      0x130 Drivers\STM32F1xx_HAL_Driver\Src\stm32f1xx_hal_uart.o
                0x0800587c                HAL_UART_Transmit
 .text.HAL_UART_Transmit_DMA
                0x080059ac       0xd8 Drivers\STM32F1xx_HAL_Driver\Src\stm32f1xx_hal_uart.o
                0x080059ac                HAL_UART_Transmit_DMA
 .text.HAL_UART_Receive_DMA
                0x08005a84      0x100 Drivers\STM32F1xx_HAL_Driver\Src\stm32f1xx_hal_uart.o
                0x08005a84                HAL_UART_Receive_DMA
 .text.HAL_UART_DMAStop
                0x08005b84       0xb6 Drivers\STM32F1xx_HAL_Driver\Src\stm32f1xx_hal_uart.o
                0x08005b84                HAL_UART_DMAStop
 *fill*         0x08005c3a        0x2 
 .text.HAL_UART_IRQHandler
                0x08005c3c      0x1f8 Drivers\STM32F1xx_HAL_Driver\Src\stm32f1xx_hal_uart.o
                0x08005c3c                HAL_UART_IRQHandler
 .text.HAL_UART_TxCpltCallback
                0x08005e34       0x12 Drivers\STM32F1xx_HAL_Driver\Src\stm32f1xx_hal_uart.o
                0x08005e34                HAL_UART_TxCpltCallback
 .text.HAL_UART_TxHalfCpltCallback
                0x08005e46       0x12 Drivers\STM32F1xx_HAL_Driver\Src\stm32f1xx_hal_uart.o
                0x08005e46                HAL_UART_TxHalfCpltCallback
 .text.HAL_UART_RxCpltCallback
                0x08005e58       0x12 Drivers\STM32F1xx_HAL_Driver\Src\stm32f1xx_hal_uart.o
                0x08005e58                HAL_UART_RxCpltCallback
 .text.HAL_UART_RxHalfCpltCallback
                0x08005e6a       0x12 Drivers\STM32F1xx_HAL_Driver\Src\stm32f1xx_hal_uart.o
                0x08005e6a                HAL_UART_RxHalfCpltCallback
 .text.HAL_UART_ErrorCallback
                0x08005e7c       0x12 Drivers\STM32F1xx_HAL_Driver\Src\stm32f1xx_hal_uart.o
                0x08005e7c                HAL_UART_ErrorCallback
 .text.UART_DMATransmitCplt
                0x08005e8e       0x52 Drivers\STM32F1xx_HAL_Driver\Src\stm32f1xx_hal_uart.o
 .text.UART_DMATxHalfCplt
                0x08005ee0       0x1c Drivers\STM32F1xx_HAL_Driver\Src\stm32f1xx_hal_uart.o
 .text.UART_DMAReceiveCplt
                0x08005efc       0x68 Drivers\STM32F1xx_HAL_Driver\Src\stm32f1xx_hal_uart.o
 .text.UART_DMARxHalfCplt
                0x08005f64       0x1c Drivers\STM32F1xx_HAL_Driver\Src\stm32f1xx_hal_uart.o
 .text.UART_DMAError
                0x08005f80       0x94 Drivers\STM32F1xx_HAL_Driver\Src\stm32f1xx_hal_uart.o
 .text.UART_WaitOnFlagUntilTimeout
                0x08006014       0x94 Drivers\STM32F1xx_HAL_Driver\Src\stm32f1xx_hal_uart.o
 .text.UART_EndTxTransfer
                0x080060a8       0x2a Drivers\STM32F1xx_HAL_Driver\Src\stm32f1xx_hal_uart.o
 .text.UART_EndRxTransfer
                0x080060d2       0x3a Drivers\STM32F1xx_HAL_Driver\Src\stm32f1xx_hal_uart.o
 .text.UART_DMAAbortOnError
                0x0800610c       0x28 Drivers\STM32F1xx_HAL_Driver\Src\stm32f1xx_hal_uart.o
 .text.UART_Transmit_IT
                0x08006134       0xa8 Drivers\STM32F1xx_HAL_Driver\Src\stm32f1xx_hal_uart.o
 .text.UART_EndTransmit_IT
                0x080061dc       0x30 Drivers\STM32F1xx_HAL_Driver\Src\stm32f1xx_hal_uart.o
 .text.UART_Receive_IT
                0x0800620c      0x102 Drivers\STM32F1xx_HAL_Driver\Src\stm32f1xx_hal_uart.o
 *fill*         0x0800630e        0x2 
 .text.UART_SetConfig
                0x08006310      0x230 Drivers\STM32F1xx_HAL_Driver\Src\stm32f1xx_hal_uart.o
 .text.Alarm_Task
                0x08006540       0x74 Src\AlarmTask.o
                0x08006540                Alarm_Task
 .text.Alarm_Control
                0x080065b4       0x7c Src\AlarmTask.o
 .text.BH1750_Init
                0x08006630       0x54 Src\BH1750.o
                0x08006630                BH1750_Init
 *fill*         0x08006684        0x4 
 .text.GetValidDataFromBH1750
                0x08006688       0xbc Src\BH1750.o
                0x08006688                GetValidDataFromBH1750
 .text.FiltetAlgorithmforSensors
                0x08006744       0xa0 Src\FilterAlgorithm.o
                0x08006744                FiltetAlgorithmforSensors
 .text.smoothaverage_lib_X
                0x080067e4       0xb2 Src\FilterAlgorithm.o
 *fill*         0x08006896        0x2 
 .text.LimitBreadthFilter
                0x08006898       0x5c Src\FilterAlgorithm.o
                0x08006898                LimitBreadthFilter
 .text.MHZ14CO2_Init
                0x080068f4        0xc Src\Gas.o
                0x080068f4                MHZ14CO2_Init
 .text.ZE03GAS_Init
                0x08006900       0x1c Src\Gas.o
                0x08006900                ZE03GAS_Init
 .text.GetValidDataFromMHZ14CO2
                0x0800691c       0x7c Src\Gas.o
                0x0800691c                GetValidDataFromMHZ14CO2
 .text.GetValidDataFromZE03GAS
                0x08006998       0x94 Src\Gas.o
                0x08006998                GetValidDataFromZE03GAS
 .text.GasReceiveDataCheckSum
                0x08006a2c       0x3e Src\Gas.o
                0x08006a2c                GasReceiveDataCheckSum
 .text.Hardware_Init
                0x08006a6a       0x2c Src\HardwareInit.o
                0x08006a6a                Hardware_Init
 *fill*         0x08006a96        0x2 
 .text.Get_SensorType
                0x08006a98       0x44 Src\HardwareInit.o
                0x08006a98                Get_SensorType
 .text.Get_SensorID
                0x08006adc       0x90 Src\HardwareInit.o
                0x08006adc                Get_SensorID
 .text.Sensor_Init
                0x08006b6c       0xd0 Src\HardwareInit.o
                0x08006b6c                Sensor_Init
 .text.RS485_Init
                0x08006c3c        0xe Src\HardwareInit.o
                0x08006c3c                RS485_Init
 *fill*         0x08006c4a        0x2 
 .text.Led_Init
                0x08006c4c       0x24 Src\Led.o
                0x08006c4c                Led_Init
 .text.LED2_NETWORK_DataTransfer
                0x08006c70       0x44 Src\Led.o
                0x08006c70                LED2_NETWORK_DataTransfer
 .text.LoraNode_Init_Mode
                0x08006cb4       0x30 Src\LoraNode.o
                0x08006cb4                LoraNode_Init_Mode
 .text.LoraNode_Reset
                0x08006ce4       0x28 Src\LoraNode.o
                0x08006ce4                LoraNode_Reset
 .text.LoraNode_Wake_Sleep
                0x08006d0c       0x60 Src\LoraNode.o
                0x08006d0c                LoraNode_Wake_Sleep
 .text.LoraNode_Mode_Set
                0x08006d6c       0x3c Src\LoraNode.o
                0x08006d6c                LoraNode_Mode_Set
 .text.NBiot_Init
                0x08006da8       0x28 Src\NBiotTask.o
                0x08006da8                NBiot_Init
 .text.NBiot_QMTInit
                0x08006dd0       0x5c Src\NBiotTask.o
 .text.NBiot_Task
                0x08006e2c       0xec Src\NBiotTask.o
                0x08006e2c                NBiot_Task
 .text.NBiot_QMTOPENCONN
                0x08006f18       0x38 Src\NBiotTask.o
 .text.NBiot_QMTSUB
                0x08006f50       0x30 Src\NBiotTask.o
 .text.NBiot_QMTPUB
                0x08006f80       0xc8 Src\NBiotTask.o
 .text.NBiot_Reset
                0x08007048       0x34 Src\NBiotTask.o
 .text.NBiot_USIMConfig
                0x0800707c       0x38 Src\NBiotTask.o
 .text.NBiot_NetworkRegis
                0x080070b4       0x98 Src\NBiotTask.o
 .text.NBiot_GetIMEI
                0x0800714c       0x64 Src\NBiotTask.o
 .text.NBiot_ATSend
                0x080071b0       0x30 Src\NBiotTask.o
 .text.NBiot_CleanRXBuf
                0x080071e0       0x28 Src\NBiotTask.o
 .text.Get_MCUUID
                0x08007208       0x4c Src\NBiotTask.o
 .text.Get_ATQMTCONN
                0x08007254       0x40 Src\NBiotTask.o
 .text.NBiot_POWD_PEN
                0x08007294       0x18 Src\NBiotTask.o
                0x08007294                NBiot_POWD_PEN
 *fill*         0x080072ac        0x4 
 .text.NTC_ifAvailable
                0x080072b0       0x4c Src\NTC.o
                0x080072b0                NTC_ifAvailable
 *fill*         0x080072fc        0x4 
 .text.GetWaterTemFromNTC
                0x08007300      0x29c Src\NTC.o
                0x08007300                GetWaterTemFromNTC
 .text.PackageComposition
                0x0800759c       0x70 Src\Package.o
                0x0800759c                PackageComposition
 .text.AddMessageToJsonObj
                0x0800760c       0x28 Src\Package.o
 .text._addIntToJson
                0x08007634       0x5c Src\Package.o
 .text._addFloatToJson
                0x08007690       0x48 Src\Package.o
 .text._addDataToJson
                0x080076d8      0x1c0 Src\Package.o
 .text.AddDataToJson
                0x08007898       0x5c Src\Package.o
 .text.AddDevNumToJson
                0x080078f4       0x7c Src\Package.o
 .text.SHT30_Init
                0x08007970        0xc Src\SHT30.o
                0x08007970                SHT30_Init
 .text.GetValidDataFromSHT30
                0x0800797c       0x98 Src\SHT30.o
                0x0800797c                GetValidDataFromSHT30
 *fill*         0x08007a14        0x4 
 .text.SHT30_Calc
                0x08007a18      0x1b4 Src\SHT30.o
                0x08007a18                SHT30_Calc
 .text.TemperatureData_NegativeValueJudge
                0x08007bcc       0x4c Src\SHT30.o
                0x08007bcc                TemperatureData_NegativeValueJudge
 .text.SHT30_CheckCrc8
                0x08007c18       0x6e Src\SHT30.o
                0x08007c18                SHT30_CheckCrc8
 *fill*         0x08007c86        0x2 
 .text.Sensor_Task
                0x08007c88       0x44 Src\SensorTask.o
                0x08007c88                Sensor_Task
 .text.Get_SensorData
                0x08007ccc      0x1ac Src\SensorTask.o
                0x08007ccc                Get_SensorData
 .text.GetValidDataFromWaterMet
                0x08007e78      0x154 Src\WaterMeter.o
                0x08007e78                GetValidDataFromWaterMet
 .text.BCDtoDecimal
                0x08007fcc       0x2a Src\WaterMeter.o
                0x08007fcc                BCDtoDecimal
 *fill*         0x08007ff6        0x2 
 .text.RS485Uart_RX_TX_Switch
                0x08007ff8       0x3c Src\WaterMeter.o
                0x08007ff8                RS485Uart_RX_TX_Switch
 .text.CRC16    0x08008034       0x64 Src\WaterMeter.o
                0x08008034                CRC16
 .text.MX_ADC1_Init
                0x08008098       0x7c Src\adc.o
                0x08008098                MX_ADC1_Init
 .text.MX_ADC3_Init
                0x08008114       0x7c Src\adc.o
                0x08008114                MX_ADC3_Init
 .text.HAL_ADC_MspInit
                0x08008190      0x128 Src\adc.o
                0x08008190                HAL_ADC_MspInit
 .text.ADC_ReadData
                0x080082b8       0x40 Src\adc.o
                0x080082b8                ADC_ReadData
 .text.ADC_Average
                0x080082f8       0x4a Src\adc.o
                0x080082f8                ADC_Average
 *fill*         0x08008342        0x6 
 .text.GetValidDataFromPressure
                0x08008348      0x118 Src\adc.o
                0x08008348                GetValidDataFromPressure
 .text.GetValidDataFromWindowPos
                0x08008460      0x114 Src\adc.o
                0x08008460                GetValidDataFromWindowPos
 .text.cJSON_strdup
                0x08008574       0x50 Src\cJSON.o
 .text.cJSON_New_Item
                0x080085c4       0x2c Src\cJSON.o
 .text.cJSON_Delete
                0x080085f0       0x90 Src\cJSON.o
                0x080085f0                cJSON_Delete
 .text.get_decimal_point
                0x08008680        0xe Src\cJSON.o
 .text.ensure   0x0800868e      0x13a Src\cJSON.o
 .text.update_offset
                0x080087c8       0x42 Src\cJSON.o
 *fill*         0x0800880a        0x2 
 .text.print_number
                0x0800880c      0x15c Src\cJSON.o
 .text.print_string_ptr
                0x08008968      0x1e8 Src\cJSON.o
 .text.print_string
                0x08008b50       0x20 Src\cJSON.o
 .text.cJSON_PrintPreallocated
                0x08008b70       0x68 Src\cJSON.o
                0x08008b70                cJSON_PrintPreallocated
 .text.print_value
                0x08008bd8      0x14c Src\cJSON.o
 .text.print_array
                0x08008d24      0x10c Src\cJSON.o
 .text.print_object
                0x08008e30      0x23e Src\cJSON.o
 .text.suffix_object
                0x0800906e       0x20 Src\cJSON.o
 .text.add_item_to_array
                0x0800908e       0x52 Src\cJSON.o
 .text.cast_away_const
                0x080090e0       0x14 Src\cJSON.o
 .text.add_item_to_object
                0x080090f4       0xa2 Src\cJSON.o
 *fill*         0x08009196        0x2 
 .text.cJSON_AddStringToObject
                0x08009198       0x44 Src\cJSON.o
                0x08009198                cJSON_AddStringToObject
 .text.cJSON_CreateString
                0x080091dc       0x4c Src\cJSON.o
                0x080091dc                cJSON_CreateString
 .text.cJSON_CreateObject
                0x08009228       0x28 Src\cJSON.o
                0x08009228                cJSON_CreateObject
 .text.MX_CAN_Init
                0x08009250       0x6c Src\can.o
                0x08009250                MX_CAN_Init
 .text.HAL_CAN_MspInit
                0x080092bc       0xa8 Src\can.o
                0x080092bc                HAL_CAN_MspInit
 .text.HAL_CAN_RxFifo0MsgPendingCallback
                0x08009364       0x58 Src\can.o
                0x08009364                HAL_CAN_RxFifo0MsgPendingCallback
 .text.CAN_Config_Init
                0x080093bc       0x70 Src\can.o
                0x080093bc                CAN_Config_Init
 .text.MX_DMA_Init
                0x0800942c       0x74 Src\dma.o
                0x0800942c                MX_DMA_Init
 .text.MX_GPIO_Init
                0x080094a0      0x170 Src\gpio.o
                0x080094a0                MX_GPIO_Init
 .text.MX_I2C1_Init
                0x08009610       0x5c Src\i2c.o
                0x08009610                MX_I2C1_Init
 .text.HAL_I2C_MspInit
                0x0800966c       0x7c Src\i2c.o
                0x0800966c                HAL_I2C_MspInit
 .text.MX_IWDG_Init
                0x080096e8       0x34 Src\iwdg.o
                0x080096e8                MX_IWDG_Init
 .text.main     0x0800971c       0x88 Src\main.o
                0x0800971c                main
 .text.SystemClock_Config
                0x080097a4       0xbe Src\main.o
                0x080097a4                SystemClock_Config
 .text.MX_NVIC_Init
                0x08009862       0x68 Src\main.o
 .text.McuReset
                0x080098ca       0x1c Src\main.o
                0x080098ca                McuReset
 .text.Error_Handler
                0x080098e6        0xc Src\main.o
                0x080098e6                Error_Handler
 *fill*         0x080098f2        0x2 
 .text.HAL_MspInit
                0x080098f4       0x64 Src\stm32f1xx_hal_msp.o
                0x080098f4                HAL_MspInit
 .text.NMI_Handler
                0x08009958        0xc Src\stm32f1xx_it.o
                0x08009958                NMI_Handler
 .text.HardFault_Handler
                0x08009964        0x6 Src\stm32f1xx_it.o
                0x08009964                HardFault_Handler
 .text.MemManage_Handler
                0x0800996a        0x6 Src\stm32f1xx_it.o
                0x0800996a                MemManage_Handler
 .text.BusFault_Handler
                0x08009970        0x6 Src\stm32f1xx_it.o
                0x08009970                BusFault_Handler
 .text.UsageFault_Handler
                0x08009976        0x6 Src\stm32f1xx_it.o
                0x08009976                UsageFault_Handler
 .text.SVC_Handler
                0x0800997c        0xc Src\stm32f1xx_it.o
                0x0800997c                SVC_Handler
 .text.DebugMon_Handler
                0x08009988        0xc Src\stm32f1xx_it.o
                0x08009988                DebugMon_Handler
 .text.PendSV_Handler
                0x08009994        0xc Src\stm32f1xx_it.o
                0x08009994                PendSV_Handler
 .text.SysTick_Handler
                0x080099a0        0xc Src\stm32f1xx_it.o
                0x080099a0                SysTick_Handler
 .text.DMA1_Channel1_IRQHandler
                0x080099ac       0x14 Src\stm32f1xx_it.o
                0x080099ac                DMA1_Channel1_IRQHandler
 .text.DMA1_Channel3_IRQHandler
                0x080099c0       0x14 Src\stm32f1xx_it.o
                0x080099c0                DMA1_Channel3_IRQHandler
 .text.DMA1_Channel5_IRQHandler
                0x080099d4       0x14 Src\stm32f1xx_it.o
                0x080099d4                DMA1_Channel5_IRQHandler
 .text.DMA1_Channel6_IRQHandler
                0x080099e8       0x14 Src\stm32f1xx_it.o
                0x080099e8                DMA1_Channel6_IRQHandler
 .text.DMA1_Channel7_IRQHandler
                0x080099fc       0x14 Src\stm32f1xx_it.o
                0x080099fc                DMA1_Channel7_IRQHandler
 .text.USB_LP_CAN1_RX0_IRQHandler
                0x08009a10       0x14 Src\stm32f1xx_it.o
                0x08009a10                USB_LP_CAN1_RX0_IRQHandler
 .text.TIM3_IRQHandler
                0x08009a24       0x14 Src\stm32f1xx_it.o
                0x08009a24                TIM3_IRQHandler
 .text.USART1_IRQHandler
                0x08009a38       0x20 Src\stm32f1xx_it.o
                0x08009a38                USART1_IRQHandler
 .text.USART2_IRQHandler
                0x08009a58       0x20 Src\stm32f1xx_it.o
                0x08009a58                USART2_IRQHandler
 .text.USART3_IRQHandler
                0x08009a78       0x20 Src\stm32f1xx_it.o
                0x08009a78                USART3_IRQHandler
 .text.TIM5_IRQHandler
                0x08009a98       0x14 Src\stm32f1xx_it.o
                0x08009a98                TIM5_IRQHandler
 .text.UART4_IRQHandler
                0x08009aac       0x20 Src\stm32f1xx_it.o
                0x08009aac                UART4_IRQHandler
 .text.DMA2_Channel3_IRQHandler
                0x08009acc       0x14 Src\stm32f1xx_it.o
                0x08009acc                DMA2_Channel3_IRQHandler
 .text.DMA2_Channel4_5_IRQHandler
                0x08009ae0       0x14 Src\stm32f1xx_it.o
                0x08009ae0                DMA2_Channel4_5_IRQHandler
 .text._sbrk    0x08009af4       0x58 Src\syscalls.o
                0x08009af4                _sbrk
 .text.SystemInit
                0x08009b4c       0x68 Src\system_stm32f1xx.o
                0x08009b4c                SystemInit
 .text.MX_TIM2_Init
                0x08009bb4       0x98 Src\tim.o
                0x08009bb4                MX_TIM2_Init
 .text.MX_TIM3_Init
                0x08009c4c       0x9c Src\tim.o
                0x08009c4c                MX_TIM3_Init
 .text.MX_TIM5_Init
                0x08009ce8       0x9c Src\tim.o
                0x08009ce8                MX_TIM5_Init
 .text.HAL_TIM_Base_MspInit
                0x08009d84       0xa8 Src\tim.o
                0x08009d84                HAL_TIM_Base_MspInit
 .text.HAL_TIM_PeriodElapsedCallback
                0x08009e2c       0xac Src\tim.o
                0x08009e2c                HAL_TIM_PeriodElapsedCallback
 .text.MX_UART4_Init
                0x08009ed8       0x54 Src\usart.o
                0x08009ed8                MX_UART4_Init
 .text.MX_USART1_UART_Init
                0x08009f2c       0x54 Src\usart.o
                0x08009f2c                MX_USART1_UART_Init
 .text.MX_USART2_UART_Init
                0x08009f80       0x54 Src\usart.o
                0x08009f80                MX_USART2_UART_Init
 .text.MX_USART3_UART_Init
                0x08009fd4       0x54 Src\usart.o
                0x08009fd4                MX_USART3_UART_Init
 .text.HAL_UART_MspInit
                0x0800a028      0x41c Src\usart.o
                0x0800a028                HAL_UART_MspInit
 .text.UART_IT_IDLE_InitAll
                0x0800a444       0x50 Src\usart.o
                0x0800a444                UART_IT_IDLE_InitAll
 .text.UART_IT_IDLE_Init
                0x0800a494       0x56 Src\usart.o
                0x0800a494                UART_IT_IDLE_Init
 *fill*         0x0800a4ea        0x2 
 .text.UARTReceive_IDLECallback
                0x0800a4ec       0x94 Src\usart.o
                0x0800a4ec                UARTReceive_IDLECallback
 .text.Reset_Handler
                0x0800a580       0x48 startup\startup_stm32f103xe.o
                0x0800a580                Reset_Handler
 .text.Default_Handler
                0x0800a5c8        0x2 startup\startup_stm32f103xe.o
                0x0800a5c8                RTC_Alarm_IRQHandler
                0x0800a5c8                EXTI2_IRQHandler
                0x0800a5c8                TIM8_TRG_COM_IRQHandler
                0x0800a5c8                TIM8_CC_IRQHandler
                0x0800a5c8                TIM1_CC_IRQHandler
                0x0800a5c8                TIM6_IRQHandler
                0x0800a5c8                PVD_IRQHandler
                0x0800a5c8                SDIO_IRQHandler
                0x0800a5c8                EXTI3_IRQHandler
                0x0800a5c8                EXTI0_IRQHandler
                0x0800a5c8                I2C2_EV_IRQHandler
                0x0800a5c8                ADC1_2_IRQHandler
                0x0800a5c8                SPI1_IRQHandler
                0x0800a5c8                TAMPER_IRQHandler
                0x0800a5c8                TIM8_UP_IRQHandler
                0x0800a5c8                DMA2_Channel2_IRQHandler
                0x0800a5c8                DMA1_Channel4_IRQHandler
                0x0800a5c8                RTC_IRQHandler
                0x0800a5c8                CAN1_RX1_IRQHandler
                0x0800a5c8                UART5_IRQHandler
                0x0800a5c8                ADC3_IRQHandler
                0x0800a5c8                TIM4_IRQHandler
                0x0800a5c8                DMA2_Channel1_IRQHandler
                0x0800a5c8                I2C1_EV_IRQHandler
                0x0800a5c8                RCC_IRQHandler
                0x0800a5c8                TIM1_TRG_COM_IRQHandler
                0x0800a5c8                Default_Handler
                0x0800a5c8                EXTI15_10_IRQHandler
                0x0800a5c8                TIM7_IRQHandler
                0x0800a5c8                EXTI9_5_IRQHandler
                0x0800a5c8                SPI2_IRQHandler
                0x0800a5c8                EXTI4_IRQHandler
                0x0800a5c8                USB_HP_CAN1_TX_IRQHandler
                0x0800a5c8                FSMC_IRQHandler
                0x0800a5c8                TIM1_UP_IRQHandler
                0x0800a5c8                WWDG_IRQHandler
                0x0800a5c8                TIM2_IRQHandler
                0x0800a5c8                TIM1_BRK_IRQHandler
                0x0800a5c8                EXTI1_IRQHandler
                0x0800a5c8                I2C2_ER_IRQHandler
                0x0800a5c8                DMA1_Channel2_IRQHandler
                0x0800a5c8                TIM8_BRK_IRQHandler
                0x0800a5c8                CAN1_SCE_IRQHandler
                0x0800a5c8                FLASH_IRQHandler
                0x0800a5c8                SPI3_IRQHandler
                0x0800a5c8                I2C1_ER_IRQHandler
                0x0800a5c8                USBWakeUp_IRQHandler
 *fill*         0x0800a5ca        0x2 
 .text.__errno  0x0800a5cc        0xc d:/software_files_technical_bank/truestudio for stm32 9.3.0/armtools/bin/../lib/gcc/arm-atollic-eabi/6.3.1/../../../../arm-atollic-eabi/lib/armv7-m\libc_nano.a(lib_a-errno.o)
                0x0800a5cc                __errno
 .text.__libc_init_array
                0x0800a5d8       0x48 d:/software_files_technical_bank/truestudio for stm32 9.3.0/armtools/bin/../lib/gcc/arm-atollic-eabi/6.3.1/../../../../arm-atollic-eabi/lib/armv7-m\libc_nano.a(lib_a-init.o)
                0x0800a5d8                __libc_init_array
 .text.__locale_ctype_ptr_l
                0x0800a620        0x6 d:/software_files_technical_bank/truestudio for stm32 9.3.0/armtools/bin/../lib/gcc/arm-atollic-eabi/6.3.1/../../../../arm-atollic-eabi/lib/armv7-m\libc_nano.a(lib_a-locale.o)
                0x0800a620                __locale_ctype_ptr_l
 *fill*         0x0800a626        0x2 
 .text.__locale_ctype_ptr
                0x0800a628       0x1c d:/software_files_technical_bank/truestudio for stm32 9.3.0/armtools/bin/../lib/gcc/arm-atollic-eabi/6.3.1/../../../../arm-atollic-eabi/lib/armv7-m\libc_nano.a(lib_a-locale.o)
                0x0800a628                __locale_ctype_ptr
 .text.malloc   0x0800a644       0x10 d:/software_files_technical_bank/truestudio for stm32 9.3.0/armtools/bin/../lib/gcc/arm-atollic-eabi/6.3.1/../../../../arm-atollic-eabi/lib/armv7-m\libc_nano.a(lib_a-malloc.o)
                0x0800a644                malloc
 .text.free     0x0800a654       0x10 d:/software_files_technical_bank/truestudio for stm32 9.3.0/armtools/bin/../lib/gcc/arm-atollic-eabi/6.3.1/../../../../arm-atollic-eabi/lib/armv7-m\libc_nano.a(lib_a-malloc.o)
                0x0800a654                free
 .text.__ascii_mbtowc
                0x0800a664       0x24 d:/software_files_technical_bank/truestudio for stm32 9.3.0/armtools/bin/../lib/gcc/arm-atollic-eabi/6.3.1/../../../../arm-atollic-eabi/lib/armv7-m\libc_nano.a(lib_a-mbtowc_r.o)
                0x0800a664                __ascii_mbtowc
 .text.memcpy   0x0800a688       0x16 d:/software_files_technical_bank/truestudio for stm32 9.3.0/armtools/bin/../lib/gcc/arm-atollic-eabi/6.3.1/../../../../arm-atollic-eabi/lib/armv7-m\libc_nano.a(lib_a-memcpy-stub.o)
                0x0800a688                memcpy
 .text.memset   0x0800a69e       0x10 d:/software_files_technical_bank/truestudio for stm32 9.3.0/armtools/bin/../lib/gcc/arm-atollic-eabi/6.3.1/../../../../arm-atollic-eabi/lib/armv7-m\libc_nano.a(lib_a-memset.o)
                0x0800a69e                memset
 *fill*         0x0800a6ae        0x2 
 .text._free_r  0x0800a6b0       0x98 d:/software_files_technical_bank/truestudio for stm32 9.3.0/armtools/bin/../lib/gcc/arm-atollic-eabi/6.3.1/../../../../arm-atollic-eabi/lib/armv7-m\libc_nano.a(lib_a-nano-freer.o)
                0x0800a6b0                _free_r
 .text._malloc_r
                0x0800a748       0xbc d:/software_files_technical_bank/truestudio for stm32 9.3.0/armtools/bin/../lib/gcc/arm-atollic-eabi/6.3.1/../../../../arm-atollic-eabi/lib/armv7-m\libc_nano.a(lib_a-nano-mallocr.o)
                0x0800a748                _malloc_r
 .text.__cvt    0x0800a804       0xb8 d:/software_files_technical_bank/truestudio for stm32 9.3.0/armtools/bin/../lib/gcc/arm-atollic-eabi/6.3.1/../../../../arm-atollic-eabi/lib/armv7-m\libc_nano.a(lib_a-nano-vfprintf_float.o)
                0x0800a804                __cvt
 .text.__exponent
                0x0800a8bc       0x6a d:/software_files_technical_bank/truestudio for stm32 9.3.0/armtools/bin/../lib/gcc/arm-atollic-eabi/6.3.1/../../../../arm-atollic-eabi/lib/armv7-m\libc_nano.a(lib_a-nano-vfprintf_float.o)
                0x0800a8bc                __exponent
 *fill*         0x0800a926        0x2 
 .text._printf_float
                0x0800a928      0x470 d:/software_files_technical_bank/truestudio for stm32 9.3.0/armtools/bin/../lib/gcc/arm-atollic-eabi/6.3.1/../../../../arm-atollic-eabi/lib/armv7-m\libc_nano.a(lib_a-nano-vfprintf_float.o)
                0x0800a928                _printf_float
 .text._printf_common
                0x0800ad98       0xee d:/software_files_technical_bank/truestudio for stm32 9.3.0/armtools/bin/../lib/gcc/arm-atollic-eabi/6.3.1/../../../../arm-atollic-eabi/lib/armv7-m\libc_nano.a(lib_a-nano-vfprintf_i.o)
                0x0800ad98                _printf_common
 *fill*         0x0800ae86        0x2 
 .text._printf_i
                0x0800ae88      0x240 d:/software_files_technical_bank/truestudio for stm32 9.3.0/armtools/bin/../lib/gcc/arm-atollic-eabi/6.3.1/../../../../arm-atollic-eabi/lib/armv7-m\libc_nano.a(lib_a-nano-vfprintf_i.o)
                0x0800ae88                _printf_i
 .text.realloc  0x0800b0c8       0x10 d:/software_files_technical_bank/truestudio for stm32 9.3.0/armtools/bin/../lib/gcc/arm-atollic-eabi/6.3.1/../../../../arm-atollic-eabi/lib/armv7-m\libc_nano.a(lib_a-realloc.o)
                0x0800b0c8                realloc
 .text._sbrk_r  0x0800b0d8       0x20 d:/software_files_technical_bank/truestudio for stm32 9.3.0/armtools/bin/../lib/gcc/arm-atollic-eabi/6.3.1/../../../../arm-atollic-eabi/lib/armv7-m\libc_nano.a(lib_a-sbrkr.o)
                0x0800b0d8                _sbrk_r
 .text.sprintf  0x0800b0f8       0x48 d:/software_files_technical_bank/truestudio for stm32 9.3.0/armtools/bin/../lib/gcc/arm-atollic-eabi/6.3.1/../../../../arm-atollic-eabi/lib/armv7-m\libc_nano.a(lib_a-sprintf.o)
                0x0800b0f8                siprintf
                0x0800b0f8                sprintf
 .text.sscanf   0x0800b140       0x54 d:/software_files_technical_bank/truestudio for stm32 9.3.0/armtools/bin/../lib/gcc/arm-atollic-eabi/6.3.1/../../../../arm-atollic-eabi/lib/armv7-m\libc_nano.a(lib_a-sscanf.o)
                0x0800b140                siscanf
                0x0800b140                sscanf
 .text.__seofread
                0x0800b194        0x4 d:/software_files_technical_bank/truestudio for stm32 9.3.0/armtools/bin/../lib/gcc/arm-atollic-eabi/6.3.1/../../../../arm-atollic-eabi/lib/armv7-m\libc_nano.a(lib_a-stdio.o)
                0x0800b194                __seofread
 .text.strcat   0x0800b198       0x1e d:/software_files_technical_bank/truestudio for stm32 9.3.0/armtools/bin/../lib/gcc/arm-atollic-eabi/6.3.1/../../../../arm-atollic-eabi/lib/armv7-m\libc_nano.a(lib_a-strcat.o)
                0x0800b198                strcat
 .text.strcpy   0x0800b1b6       0x10 d:/software_files_technical_bank/truestudio for stm32 9.3.0/armtools/bin/../lib/gcc/arm-atollic-eabi/6.3.1/../../../../arm-atollic-eabi/lib/armv7-m\libc_nano.a(lib_a-strcpy.o)
                0x0800b1b6                strcpy
 .text.strstr   0x0800b1c6       0x36 d:/software_files_technical_bank/truestudio for stm32 9.3.0/armtools/bin/../lib/gcc/arm-atollic-eabi/6.3.1/../../../../arm-atollic-eabi/lib/armv7-m\libc_nano.a(lib_a-strstr.o)
                0x0800b1c6                strstr
 .text.__ascii_wctomb
                0x0800b1fc       0x1a d:/software_files_technical_bank/truestudio for stm32 9.3.0/armtools/bin/../lib/gcc/arm-atollic-eabi/6.3.1/../../../../arm-atollic-eabi/lib/armv7-m\libc_nano.a(lib_a-wctomb_r.o)
                0x0800b1fc                __ascii_wctomb
 .text.quorem   0x0800b216      0x118 d:/software_files_technical_bank/truestudio for stm32 9.3.0/armtools/bin/../lib/gcc/arm-atollic-eabi/6.3.1/../../../../arm-atollic-eabi/lib/armv7-m\libc_nano.a(lib_a-dtoa.o)
 *fill*         0x0800b32e        0x2 
 .text._dtoa_r  0x0800b330      0xba8 d:/software_files_technical_bank/truestudio for stm32 9.3.0/armtools/bin/../lib/gcc/arm-atollic-eabi/6.3.1/../../../../arm-atollic-eabi/lib/armv7-m\libc_nano.a(lib_a-dtoa.o)
                0x0800b330                _dtoa_r
 .text._localeconv_r
                0x0800bed8       0x1c d:/software_files_technical_bank/truestudio for stm32 9.3.0/armtools/bin/../lib/gcc/arm-atollic-eabi/6.3.1/../../../../arm-atollic-eabi/lib/armv7-m\libc_nano.a(lib_a-localeconv.o)
                0x0800bed8                _localeconv_r
 .text.memchr   0x0800bef4       0x1c d:/software_files_technical_bank/truestudio for stm32 9.3.0/armtools/bin/../lib/gcc/arm-atollic-eabi/6.3.1/../../../../arm-atollic-eabi/lib/armv7-m\libc_nano.a(lib_a-memchr-stub.o)
                0x0800bef4                memchr
 .text.__malloc_lock
                0x0800bf10        0x2 d:/software_files_technical_bank/truestudio for stm32 9.3.0/armtools/bin/../lib/gcc/arm-atollic-eabi/6.3.1/../../../../arm-atollic-eabi/lib/armv7-m\libc_nano.a(lib_a-mlock.o)
                0x0800bf10                __malloc_lock
 .text.__malloc_unlock
                0x0800bf12        0x2 d:/software_files_technical_bank/truestudio for stm32 9.3.0/armtools/bin/../lib/gcc/arm-atollic-eabi/6.3.1/../../../../arm-atollic-eabi/lib/armv7-m\libc_nano.a(lib_a-mlock.o)
                0x0800bf12                __malloc_unlock
 .text._Balloc  0x0800bf14       0x68 d:/software_files_technical_bank/truestudio for stm32 9.3.0/armtools/bin/../lib/gcc/arm-atollic-eabi/6.3.1/../../../../arm-atollic-eabi/lib/armv7-m\libc_nano.a(lib_a-mprec.o)
                0x0800bf14                _Balloc
 .text._Bfree   0x0800bf7c       0x2e d:/software_files_technical_bank/truestudio for stm32 9.3.0/armtools/bin/../lib/gcc/arm-atollic-eabi/6.3.1/../../../../arm-atollic-eabi/lib/armv7-m\libc_nano.a(lib_a-mprec.o)
                0x0800bf7c                _Bfree
 .text.__multadd
                0x0800bfaa       0x76 d:/software_files_technical_bank/truestudio for stm32 9.3.0/armtools/bin/../lib/gcc/arm-atollic-eabi/6.3.1/../../../../arm-atollic-eabi/lib/armv7-m\libc_nano.a(lib_a-mprec.o)
                0x0800bfaa                __multadd
 .text.__hi0bits
                0x0800c020       0x3e d:/software_files_technical_bank/truestudio for stm32 9.3.0/armtools/bin/../lib/gcc/arm-atollic-eabi/6.3.1/../../../../arm-atollic-eabi/lib/armv7-m\libc_nano.a(lib_a-mprec.o)
                0x0800c020                __hi0bits
 .text.__lo0bits
                0x0800c05e       0x5e d:/software_files_technical_bank/truestudio for stm32 9.3.0/armtools/bin/../lib/gcc/arm-atollic-eabi/6.3.1/../../../../arm-atollic-eabi/lib/armv7-m\libc_nano.a(lib_a-mprec.o)
                0x0800c05e                __lo0bits
 .text.__i2b    0x0800c0bc       0x12 d:/software_files_technical_bank/truestudio for stm32 9.3.0/armtools/bin/../lib/gcc/arm-atollic-eabi/6.3.1/../../../../arm-atollic-eabi/lib/armv7-m\libc_nano.a(lib_a-mprec.o)
                0x0800c0bc                __i2b
 .text.__multiply
                0x0800c0ce      0x118 d:/software_files_technical_bank/truestudio for stm32 9.3.0/armtools/bin/../lib/gcc/arm-atollic-eabi/6.3.1/../../../../arm-atollic-eabi/lib/armv7-m\libc_nano.a(lib_a-mprec.o)
                0x0800c0ce                __multiply
 *fill*         0x0800c1e6        0x2 
 .text.__pow5mult
                0x0800c1e8       0x9c d:/software_files_technical_bank/truestudio for stm32 9.3.0/armtools/bin/../lib/gcc/arm-atollic-eabi/6.3.1/../../../../arm-atollic-eabi/lib/armv7-m\libc_nano.a(lib_a-mprec.o)
                0x0800c1e8                __pow5mult
 .text.__lshift
                0x0800c284       0xa2 d:/software_files_technical_bank/truestudio for stm32 9.3.0/armtools/bin/../lib/gcc/arm-atollic-eabi/6.3.1/../../../../arm-atollic-eabi/lib/armv7-m\libc_nano.a(lib_a-mprec.o)
                0x0800c284                __lshift
 .text.__mcmp   0x0800c326       0x34 d:/software_files_technical_bank/truestudio for stm32 9.3.0/armtools/bin/../lib/gcc/arm-atollic-eabi/6.3.1/../../../../arm-atollic-eabi/lib/armv7-m\libc_nano.a(lib_a-mprec.o)
                0x0800c326                __mcmp
 .text.__mdiff  0x0800c35a       0xbe d:/software_files_technical_bank/truestudio for stm32 9.3.0/armtools/bin/../lib/gcc/arm-atollic-eabi/6.3.1/../../../../arm-atollic-eabi/lib/armv7-m\libc_nano.a(lib_a-mprec.o)
                0x0800c35a                __mdiff
 .text.__d2b    0x0800c418       0x9e d:/software_files_technical_bank/truestudio for stm32 9.3.0/armtools/bin/../lib/gcc/arm-atollic-eabi/6.3.1/../../../../arm-atollic-eabi/lib/armv7-m\libc_nano.a(lib_a-mprec.o)
                0x0800c418                __d2b
 .text._calloc_r
                0x0800c4b6       0x1c d:/software_files_technical_bank/truestudio for stm32 9.3.0/armtools/bin/../lib/gcc/arm-atollic-eabi/6.3.1/../../../../arm-atollic-eabi/lib/armv7-m\libc_nano.a(lib_a-nano-callocr.o)
                0x0800c4b6                _calloc_r
 .text._realloc_r
                0x0800c4d2       0x4c d:/software_files_technical_bank/truestudio for stm32 9.3.0/armtools/bin/../lib/gcc/arm-atollic-eabi/6.3.1/../../../../arm-atollic-eabi/lib/armv7-m\libc_nano.a(lib_a-nano-reallocr.o)
                0x0800c4d2                _realloc_r
 .text.__ssputs_r
                0x0800c51e       0xb6 d:/software_files_technical_bank/truestudio for stm32 9.3.0/armtools/bin/../lib/gcc/arm-atollic-eabi/6.3.1/../../../../arm-atollic-eabi/lib/armv7-m\libc_nano.a(lib_a-nano-svfprintf.o)
                0x0800c51e                __ssputs_r
 .text._svfprintf_r
                0x0800c5d4      0x1e8 d:/software_files_technical_bank/truestudio for stm32 9.3.0/armtools/bin/../lib/gcc/arm-atollic-eabi/6.3.1/../../../../arm-atollic-eabi/lib/armv7-m\libc_nano.a(lib_a-nano-svfprintf.o)
                0x0800c5d4                _svfiprintf_r
                0x0800c5d4                _svfprintf_r
 .text._sungetc_r
                0x0800c7bc       0x7a d:/software_files_technical_bank/truestudio for stm32 9.3.0/armtools/bin/../lib/gcc/arm-atollic-eabi/6.3.1/../../../../arm-atollic-eabi/lib/armv7-m\libc_nano.a(lib_a-nano-svfscanf.o)
                0x0800c7bc                _sungetc_r
 .text.__ssrefill_r
                0x0800c836       0x3a d:/software_files_technical_bank/truestudio for stm32 9.3.0/armtools/bin/../lib/gcc/arm-atollic-eabi/6.3.1/../../../../arm-atollic-eabi/lib/armv7-m\libc_nano.a(lib_a-nano-svfscanf.o)
                0x0800c836                __ssrefill_r
 .text.__ssvfscanf_r
                0x0800c870      0x2a8 d:/software_files_technical_bank/truestudio for stm32 9.3.0/armtools/bin/../lib/gcc/arm-atollic-eabi/6.3.1/../../../../arm-atollic-eabi/lib/armv7-m\libc_nano.a(lib_a-nano-svfscanf.o)
                0x0800c870                __ssvfiscanf_r
                0x0800c870                __ssvfscanf_r
 .text._scanf_chars
                0x0800cb18       0xc6 d:/software_files_technical_bank/truestudio for stm32 9.3.0/armtools/bin/../lib/gcc/arm-atollic-eabi/6.3.1/../../../../arm-atollic-eabi/lib/armv7-m\libc_nano.a(lib_a-nano-vfscanf_i.o)
                0x0800cb18                _scanf_chars
 *fill*         0x0800cbde        0x2 
 .text._scanf_i
                0x0800cbe0      0x1ec d:/software_files_technical_bank/truestudio for stm32 9.3.0/armtools/bin/../lib/gcc/arm-atollic-eabi/6.3.1/../../../../arm-atollic-eabi/lib/armv7-m\libc_nano.a(lib_a-nano-vfscanf_i.o)
                0x0800cbe0                _scanf_i
 .text.__sccl   0x0800cdcc       0x5e d:/software_files_technical_bank/truestudio for stm32 9.3.0/armtools/bin/../lib/gcc/arm-atollic-eabi/6.3.1/../../../../arm-atollic-eabi/lib/armv7-m\libc_nano.a(lib_a-sccl.o)
                0x0800cdcc                __sccl
 .text._strtol_l.isra.0
                0x0800ce2a      0x100 d:/software_files_technical_bank/truestudio for stm32 9.3.0/armtools/bin/../lib/gcc/arm-atollic-eabi/6.3.1/../../../../arm-atollic-eabi/lib/armv7-m\libc_nano.a(lib_a-strtol.o)
 *fill*         0x0800cf2a        0x2 
 .text._strtol_r
                0x0800cf2c       0x24 d:/software_files_technical_bank/truestudio for stm32 9.3.0/armtools/bin/../lib/gcc/arm-atollic-eabi/6.3.1/../../../../arm-atollic-eabi/lib/armv7-m\libc_nano.a(lib_a-strtol.o)
                0x0800cf2c                _strtol_r
 .text._strtoul_l.isra.0
                0x0800cf50       0xfa d:/software_files_technical_bank/truestudio for stm32 9.3.0/armtools/bin/../lib/gcc/arm-atollic-eabi/6.3.1/../../../../arm-atollic-eabi/lib/armv7-m\libc_nano.a(lib_a-strtoul.o)
 *fill*         0x0800d04a        0x2 
 .text._strtoul_r
                0x0800d04c       0x24 d:/software_files_technical_bank/truestudio for stm32 9.3.0/armtools/bin/../lib/gcc/arm-atollic-eabi/6.3.1/../../../../arm-atollic-eabi/lib/armv7-m\libc_nano.a(lib_a-strtoul.o)
                0x0800d04c                _strtoul_r
 .text.__submore
                0x0800d070       0x72 d:/software_files_technical_bank/truestudio for stm32 9.3.0/armtools/bin/../lib/gcc/arm-atollic-eabi/6.3.1/../../../../arm-atollic-eabi/lib/armv7-m\libc_nano.a(lib_a-ungetc.o)
                0x0800d070                __submore
 .text.memmove  0x0800d0e2       0x34 d:/software_files_technical_bank/truestudio for stm32 9.3.0/armtools/bin/../lib/gcc/arm-atollic-eabi/6.3.1/../../../../arm-atollic-eabi/lib/armv7-m\libc_nano.a(lib_a-memmove.o)
                0x0800d0e2                memmove
 .text._malloc_usable_size_r
                0x0800d116       0x12 d:/software_files_technical_bank/truestudio for stm32 9.3.0/armtools/bin/../lib/gcc/arm-atollic-eabi/6.3.1/../../../../arm-atollic-eabi/lib/armv7-m\libc_nano.a(lib_a-nano-msizer.o)
                0x0800d116                _malloc_usable_size_r
 *(.glue_7)
 .glue_7        0x0800d128        0x0 linker stubs
 *(.glue_7t)
 .glue_7t       0x0800d128        0x0 linker stubs
 *(.eh_frame)
 .eh_frame      0x0800d128        0x0 d:/software_files_technical_bank/truestudio for stm32 9.3.0/armtools/bin/../lib/gcc/arm-atollic-eabi/6.3.1/armv7-m/crtbegin.o
 *(.init)
 .init          0x0800d128        0x4 d:/software_files_technical_bank/truestudio for stm32 9.3.0/armtools/bin/../lib/gcc/arm-atollic-eabi/6.3.1/armv7-m/crti.o
                0x0800d128                _init
 .init          0x0800d12c        0x8 d:/software_files_technical_bank/truestudio for stm32 9.3.0/armtools/bin/../lib/gcc/arm-atollic-eabi/6.3.1/armv7-m/crtn.o
 *(.fini)
 .fini          0x0800d134        0x4 d:/software_files_technical_bank/truestudio for stm32 9.3.0/armtools/bin/../lib/gcc/arm-atollic-eabi/6.3.1/armv7-m/crti.o
                0x0800d134                _fini
 .fini          0x0800d138        0x8 d:/software_files_technical_bank/truestudio for stm32 9.3.0/armtools/bin/../lib/gcc/arm-atollic-eabi/6.3.1/armv7-m/crtn.o
                0x0800d140                . = ALIGN (0x4)
                0x0800d140                _etext = .

.vfp11_veneer   0x0800d140        0x0
 .vfp11_veneer  0x0800d140        0x0 linker stubs

.v4_bx          0x0800d140        0x0
 .v4_bx         0x0800d140        0x0 linker stubs

.iplt           0x0800d140        0x0
 .iplt          0x0800d140        0x0 d:/software_files_technical_bank/truestudio for stm32 9.3.0/armtools/bin/../lib/gcc/arm-atollic-eabi/6.3.1/armv7-m/crtbegin.o

.rodata         0x0800d140     0x1098
                0x0800d140                . = ALIGN (0x4)
 *(.rodata)
 .rodata        0x0800d140       0x12 Drivers\STM32F1xx_HAL_Driver\Src\stm32f1xx_hal_rcc.o
 *fill*         0x0800d152        0x2 
 .rodata        0x0800d154       0x12 Drivers\STM32F1xx_HAL_Driver\Src\stm32f1xx_hal_rcc_ex.o
 *fill*         0x0800d166        0x2 
 .rodata        0x0800d168       0x45 Src\AlarmTask.o
 *fill*         0x0800d1ad        0x3 
 .rodata        0x0800d1b0       0x29 Src\HardwareInit.o
 *fill*         0x0800d1d9        0x3 
 .rodata        0x0800d1dc      0x2d0 Src\NBiotTask.o
 .rodata        0x0800d4ac       0x4d Src\Package.o
 *fill*         0x0800d4f9        0x3 
 .rodata        0x0800d4fc        0xf Src\SensorTask.o
 *fill*         0x0800d50b        0x1 
 .rodata        0x0800d50c       0x45 Src\cJSON.o
 *fill*         0x0800d551        0x3 
 .rodata        0x0800d554        0xc d:/software_files_technical_bank/truestudio for stm32 9.3.0/armtools/bin/../lib/gcc/arm-atollic-eabi/6.3.1/../../../../arm-atollic-eabi/lib/armv7-m\libc_nano.a(lib_a-nano-vfscanf_i.o)
 *(.rodata*)
 .rodata.ntc_3950_data
                0x0800d560      0x788 Src\NTC.o
                0x0800d560                ntc_3950_data
 .rodata.auchCRCHi
                0x0800dce8      0x100 Src\WaterMeter.o
                0x0800dce8                auchCRCHi
 .rodata.auchCRCLo
                0x0800dde8      0x100 Src\WaterMeter.o
                0x0800dde8                auchCRCLo
 .rodata.AHBPrescTable
                0x0800dee8       0x10 Src\system_stm32f1xx.o
                0x0800dee8                AHBPrescTable
 .rodata.APBPrescTable
                0x0800def8        0x8 Src\system_stm32f1xx.o
                0x0800def8                APBPrescTable
 .rodata._setlocale_r.str1.1
                0x0800df00        0x8 d:/software_files_technical_bank/truestudio for stm32 9.3.0/armtools/bin/../lib/gcc/arm-atollic-eabi/6.3.1/../../../../arm-atollic-eabi/lib/armv7-m\libc_nano.a(lib_a-locale.o)
                                  0x9 (size before relaxing)
 .rodata.str1.1
                0x0800df08        0x2 d:/software_files_technical_bank/truestudio for stm32 9.3.0/armtools/bin/../lib/gcc/arm-atollic-eabi/6.3.1/../../../../arm-atollic-eabi/lib/armv7-m\libc_nano.a(lib_a-locale.o)
 .rodata._printf_float.str1.1
                0x0800df0a       0x10 d:/software_files_technical_bank/truestudio for stm32 9.3.0/armtools/bin/../lib/gcc/arm-atollic-eabi/6.3.1/../../../../arm-atollic-eabi/lib/armv7-m\libc_nano.a(lib_a-nano-vfprintf_float.o)
                                 0x12 (size before relaxing)
 .rodata._printf_i.str1.1
                0x0800df1a       0x22 d:/software_files_technical_bank/truestudio for stm32 9.3.0/armtools/bin/../lib/gcc/arm-atollic-eabi/6.3.1/../../../../arm-atollic-eabi/lib/armv7-m\libc_nano.a(lib_a-nano-vfprintf_i.o)
 .rodata._ctype_
                0x0800df3c      0x101 d:/software_files_technical_bank/truestudio for stm32 9.3.0/armtools/bin/../lib/gcc/arm-atollic-eabi/6.3.1/../../../../arm-atollic-eabi/lib/armv7-m\libc_nano.a(lib_a-ctype_.o)
                0x0800df3c                _ctype_
 .rodata._dtoa_r.str1.1
                0x0800e03d        0xd d:/software_files_technical_bank/truestudio for stm32 9.3.0/armtools/bin/../lib/gcc/arm-atollic-eabi/6.3.1/../../../../arm-atollic-eabi/lib/armv7-m\libc_nano.a(lib_a-dtoa.o)
                                  0xf (size before relaxing)
 *fill*         0x0800e04a        0x6 
 .rodata.__mprec_bigtens
                0x0800e050       0x28 d:/software_files_technical_bank/truestudio for stm32 9.3.0/armtools/bin/../lib/gcc/arm-atollic-eabi/6.3.1/../../../../arm-atollic-eabi/lib/armv7-m\libc_nano.a(lib_a-mprec.o)
                0x0800e050                __mprec_bigtens
 .rodata.__mprec_tens
                0x0800e078       0xc8 d:/software_files_technical_bank/truestudio for stm32 9.3.0/armtools/bin/../lib/gcc/arm-atollic-eabi/6.3.1/../../../../arm-atollic-eabi/lib/armv7-m\libc_nano.a(lib_a-mprec.o)
                0x0800e078                __mprec_tens
 .rodata.p05.6052
                0x0800e140        0xc d:/software_files_technical_bank/truestudio for stm32 9.3.0/armtools/bin/../lib/gcc/arm-atollic-eabi/6.3.1/../../../../arm-atollic-eabi/lib/armv7-m\libc_nano.a(lib_a-mprec.o)
 .rodata._svfprintf_r.str1.1
                0x0800e14c       0x11 d:/software_files_technical_bank/truestudio for stm32 9.3.0/armtools/bin/../lib/gcc/arm-atollic-eabi/6.3.1/../../../../arm-atollic-eabi/lib/armv7-m\libc_nano.a(lib_a-nano-svfprintf.o)
 .rodata.__ssvfscanf_r.str1.1
                0x0800e15d        0x4 d:/software_files_technical_bank/truestudio for stm32 9.3.0/armtools/bin/../lib/gcc/arm-atollic-eabi/6.3.1/../../../../arm-atollic-eabi/lib/armv7-m\libc_nano.a(lib_a-nano-svfscanf.o)
 .rodata._scanf_i.str1.1
                0x0800e15d       0x12 d:/software_files_technical_bank/truestudio for stm32 9.3.0/armtools/bin/../lib/gcc/arm-atollic-eabi/6.3.1/../../../../arm-atollic-eabi/lib/armv7-m\libc_nano.a(lib_a-nano-vfscanf_i.o)
 .rodata.str1.1
                0x0800e16f        0x9 d:/software_files_technical_bank/truestudio for stm32 9.3.0/armtools/bin/../lib/gcc/arm-atollic-eabi/6.3.1/../../../../arm-atollic-eabi/lib/armv7-m\libc_nano.a(lib_a-nano-vfscanf_i.o)
 .rodata.__sf_fake_stderr
                0x0800e178       0x20 d:/software_files_technical_bank/truestudio for stm32 9.3.0/armtools/bin/../lib/gcc/arm-atollic-eabi/6.3.1/../../../../arm-atollic-eabi/lib/armv7-m\libc_nano.a(lib_a-findfp.o)
                0x0800e178                __sf_fake_stderr
 .rodata.__sf_fake_stdin
                0x0800e198       0x20 d:/software_files_technical_bank/truestudio for stm32 9.3.0/armtools/bin/../lib/gcc/arm-atollic-eabi/6.3.1/../../../../arm-atollic-eabi/lib/armv7-m\libc_nano.a(lib_a-findfp.o)
                0x0800e198                __sf_fake_stdin
 .rodata.__sf_fake_stdout
                0x0800e1b8       0x20 d:/software_files_technical_bank/truestudio for stm32 9.3.0/armtools/bin/../lib/gcc/arm-atollic-eabi/6.3.1/../../../../arm-atollic-eabi/lib/armv7-m\libc_nano.a(lib_a-findfp.o)
                0x0800e1b8                __sf_fake_stdout
                0x0800e1d8                . = ALIGN (0x4)

.rel.dyn        0x0800e1d8        0x0
 .rel.iplt      0x0800e1d8        0x0 d:/software_files_technical_bank/truestudio for stm32 9.3.0/armtools/bin/../lib/gcc/arm-atollic-eabi/6.3.1/armv7-m/crtbegin.o

.ARM.extab
 *(.ARM.extab* .gnu.linkonce.armextab.*)

.ARM            0x0800e1d8        0x0
                0x0800e1d8                __exidx_start = .
 *(.ARM.exidx*)
                0x0800e1d8                __exidx_end = .

.preinit_array  0x0800e1d8        0x0
                0x0800e1d8                PROVIDE (__preinit_array_start, .)
 *(.preinit_array*)
                0x0800e1d8                PROVIDE (__preinit_array_end, .)

.init_array     0x0800e1d8        0x4
                0x0800e1d8                PROVIDE (__init_array_start, .)
 *(SORT(.init_array.*))
 *(.init_array*)
 .init_array    0x0800e1d8        0x4 d:/software_files_technical_bank/truestudio for stm32 9.3.0/armtools/bin/../lib/gcc/arm-atollic-eabi/6.3.1/armv7-m/crtbegin.o
                0x0800e1dc                PROVIDE (__init_array_end, .)

.fini_array     0x0800e1dc        0x4
                [!provide]                PROVIDE (__fini_array_start, .)
 *(SORT(.fini_array.*))
 *(.fini_array*)
 .fini_array    0x0800e1dc        0x4 d:/software_files_technical_bank/truestudio for stm32 9.3.0/armtools/bin/../lib/gcc/arm-atollic-eabi/6.3.1/armv7-m/crtbegin.o
                [!provide]                PROVIDE (__fini_array_end, .)
                0x0800e1e0                _sidata = LOADADDR (.data)

.data           0x20000000      0x274 load address 0x0800e1e0
                0x20000000                . = ALIGN (0x4)
                0x20000000                _sdata = .
 *(.data)
 *(.data*)
 .data.uwTickPrio
                0x20000000        0x4 Drivers\STM32F1xx_HAL_Driver\Src\stm32f1xx_hal.o
                0x20000000                uwTickPrio
 .data.uwTickFreq
                0x20000004        0x1 Drivers\STM32F1xx_HAL_Driver\Src\stm32f1xx_hal.o
                0x20000004                uwTickFreq
 *fill*         0x20000005        0x3 
 .data.AlarmOn_Command
                0x20000008        0xc Src\AlarmTask.o
                0x20000008                AlarmOn_Command
 .data.AlarmOff_Command
                0x20000014        0xc Src\AlarmTask.o
                0x20000014                AlarmOff_Command
 .data.BH1750_PowON_Command
                0x20000020        0x1 Src\BH1750.o
                0x20000020                BH1750_PowON_Command
 .data.BH1750_RSET_Command
                0x20000021        0x1 Src\BH1750.o
                0x20000021                BH1750_RSET_Command
 .data.BH1750_CON_H_Command
                0x20000022        0x1 Src\BH1750.o
                0x20000022                BH1750_CON_H_Command
 *fill*         0x20000023        0x1 
 .data.Gas_ChangeToActiveCommand
                0x20000024        0x9 Src\Gas.o
                0x20000024                Gas_ChangeToActiveCommand
 *fill*         0x2000002d        0x3 
 .data.Gas_ReadValueCommand
                0x20000030        0x9 Src\Gas.o
                0x20000030                Gas_ReadValueCommand
 *fill*         0x20000039        0x3 
 .data.ATCmds   0x2000003c       0x48 Src\NBiotTask.o
                0x2000003c                ATCmds
 .data.SHT30_Modecommand_Buffer
                0x20000084        0x2 Src\SHT30.o
                0x20000084                SHT30_Modecommand_Buffer
 *fill*         0x20000086        0x2 
 .data.SHT30_Fetchcommand_Buffer
                0x20000088        0x2 Src\SHT30.o
                0x20000088                SHT30_Fetchcommand_Buffer
 *fill*         0x2000008a        0x2 
 .data.WaterMet_ReadValueCommand
                0x2000008c        0x8 Src\WaterMeter.o
                0x2000008c                WaterMet_ReadValueCommand
 .data.global_hooks
                0x20000094        0xc Src\cJSON.o
 .data.SystemCoreClock
                0x200000a0        0x4 Src\system_stm32f1xx.o
                0x200000a0                SystemCoreClock
 .data._impure_ptr
                0x200000a4        0x4 d:/software_files_technical_bank/truestudio for stm32 9.3.0/armtools/bin/../lib/gcc/arm-atollic-eabi/6.3.1/../../../../arm-atollic-eabi/lib/armv7-m\libc_nano.a(lib_a-impure.o)
                0x200000a4                _impure_ptr
 .data.impure_data
                0x200000a8       0x60 d:/software_files_technical_bank/truestudio for stm32 9.3.0/armtools/bin/../lib/gcc/arm-atollic-eabi/6.3.1/../../../../arm-atollic-eabi/lib/armv7-m\libc_nano.a(lib_a-impure.o)
 .data.__global_locale
                0x20000108      0x16c d:/software_files_technical_bank/truestudio for stm32 9.3.0/armtools/bin/../lib/gcc/arm-atollic-eabi/6.3.1/../../../../arm-atollic-eabi/lib/armv7-m\libc_nano.a(lib_a-locale.o)
                0x20000108                __global_locale
                0x20000274                . = ALIGN (0x4)
                0x20000274                _edata = .

.igot.plt       0x20000274        0x0 load address 0x0800e454
 .igot.plt      0x20000274        0x0 d:/software_files_technical_bank/truestudio for stm32 9.3.0/armtools/bin/../lib/gcc/arm-atollic-eabi/6.3.1/armv7-m/crtbegin.o
                0x20000274                . = ALIGN (0x4)

.bss            0x20000274      0x894 load address 0x0800e454
                0x20000274                _sbss = .
                0x20000274                __bss_start__ = _sbss
 *(.bss)
 .bss           0x20000274       0x1c d:/software_files_technical_bank/truestudio for stm32 9.3.0/armtools/bin/../lib/gcc/arm-atollic-eabi/6.3.1/armv7-m/crtbegin.o
 *(.bss*)
 .bss.CanDataSendTimerFlag
                0x20000290        0x1 Src\CanAnalysis.o
                0x20000290                CanDataSendTimerFlag
 *fill*         0x20000291        0x3 
 .bss.filter    0x20000294       0xdc Src\FilterAlgorithm.o
                0x20000294                filter
 .bss.cnt.7643  0x20000370        0x4 Src\FilterAlgorithm.o
 .bss.SensorData_Last.7642
                0x20000374        0x2 Src\FilterAlgorithm.o
 *fill*         0x20000376        0x2 
 .bss.NBiotIMEI
                0x20000378       0x10 Src\NBiotTask.o
                0x20000378                NBiotIMEI
 .bss.MCUID     0x20000388       0x19 Src\NBiotTask.o
                0x20000388                MCUID
 *fill*         0x200003a1        0x3 
 .bss.ATCmds_QMTCONN
                0x200003a4       0x64 Src\NBiotTask.o
                0x200003a4                ATCmds_QMTCONN
 .bss.NETWORK_RegisteredFlag
                0x20000408        0x1 Src\NBiotTask.o
                0x20000408                NETWORK_RegisteredFlag
 .bss.NBiotTaskTimerFlag
                0x20000409        0x1 Src\NBiotTask.o
                0x20000409                NBiotTaskTimerFlag
 *fill*         0x2000040a        0x2 
 .bss.Tick_UploadSucess
                0x2000040c        0x4 Src\NBiotTask.o
                0x2000040c                Tick_UploadSucess
 .bss.Tick_EveryTask
                0x20000410        0x4 Src\NBiotTask.o
                0x20000410                Tick_EveryTask
 .bss.CloudPackage
                0x20000414       0x64 Src\Package.o
                0x20000414                CloudPackage
 .bss.SHT30_Data_Buffer
                0x20000478        0x6 Src\SHT30.o
                0x20000478                SHT30_Data_Buffer
 .bss.SensorReadTimerFlag
                0x2000047e        0x1 Src\SensorTask.o
                0x2000047e                SensorReadTimerFlag
 *fill*         0x2000047f        0x1 
 .bss.Tick_GetSensorData
                0x20000480        0x4 Src\SensorTask.o
                0x20000480                Tick_GetSensorData
 .bss.ad_data.7620
                0x20000484        0x2 Src\adc.o
 *fill*         0x20000486        0x2 
 .bss.heap_end.5887
                0x20000488        0x4 Src\syscalls.o
 .bss.T5Count_Sensor.7690
                0x2000048c        0x1 Src\tim.o
 .bss.T5Count_NBiot.7691
                0x2000048d        0x1 Src\tim.o
 .bss.T5Count_McuReset.7692
                0x2000048e        0x1 Src\tim.o
 *fill*         0x2000048f        0x1 
 .bss.__malloc_free_list
                0x20000490        0x4 d:/software_files_technical_bank/truestudio for stm32 9.3.0/armtools/bin/../lib/gcc/arm-atollic-eabi/6.3.1/../../../../arm-atollic-eabi/lib/armv7-m\libc_nano.a(lib_a-nano-mallocr.o)
                0x20000490                __malloc_free_list
 .bss.__malloc_sbrk_start
                0x20000494        0x4 d:/software_files_technical_bank/truestudio for stm32 9.3.0/armtools/bin/../lib/gcc/arm-atollic-eabi/6.3.1/../../../../arm-atollic-eabi/lib/armv7-m\libc_nano.a(lib_a-nano-mallocr.o)
                0x20000494                __malloc_sbrk_start
 *(COMMON)
 COMMON         0x20000498        0x4 Drivers\STM32F1xx_HAL_Driver\Src\stm32f1xx_hal.o
                0x20000498                uwTick
 COMMON         0x2000049c        0x2 Src\BH1750.o
                0x2000049c                BH1750_Data_Buffer
 COMMON         0x2000049e        0x2 Src\HardwareInit.o
                0x2000049e                Sensor_Type
                0x2000049f                Sensor_ID
 COMMON         0x200004a0       0x40 Src\SensorTask.o
                0x200004a0                SensorData_Buff
                0x200004c0                Sensor_Data
 COMMON         0x200004e0       0xa4 Src\adc.o
                0x200004e0                hadc1
                0x20000510                hadc3
                0x20000540                hdma_adc1
 COMMON         0x20000584       0x28 Src\can.o
                0x20000584                hcan
 COMMON         0x200005ac       0x54 Src\i2c.o
                0x200005ac                hi2c1
 COMMON         0x20000600        0xc Src\iwdg.o
                0x20000600                hiwdg
 COMMON         0x2000060c       0xc0 Src\tim.o
                0x2000060c                htim5
                0x2000064c                htim3
                0x2000068c                htim2
 COMMON         0x200006cc      0x438 Src\usart.o
                0x200006cc                hdma_uart4_rx
                0x20000710                hdma_usart2_rx
                0x20000754                hdma_usart3_rx
                0x20000798                huart3
                0x200007d8                RS485Uart_RX
                0x20000840                hdma_usart1_rx
                0x20000884                hdma_usart2_tx
                0x200008c8                NBUart_RX
                0x20000930                LoraUart_RX
                0x20000998                huart1
                0x200009d8                huart4
                0x20000a18                huart2
                0x20000a58                GasUart_RX
                0x20000ac0                hdma_uart4_tx
 COMMON         0x20000b04        0x4 d:/software_files_technical_bank/truestudio for stm32 9.3.0/armtools/bin/../lib/gcc/arm-atollic-eabi/6.3.1/../../../../arm-atollic-eabi/lib/armv7-m\libc_nano.a(lib_a-reent.o)
                0x20000b04                errno
                0x20000b08                . = ALIGN (0x4)
                0x20000b08                _ebss = .
                0x20000b08                __bss_end__ = _ebss

._user_heap_stack
                0x20000b08      0x600 load address 0x0800e454
                0x20000b08                . = ALIGN (0x4)
                0x20000b08                PROVIDE (end, .)
                [!provide]                PROVIDE (_end, .)
                0x20000d08                . = (. + _Min_Heap_Size)
 *fill*         0x20000b08      0x200 
                0x20001108                . = (. + _Min_Stack_Size)
 *fill*         0x20000d08      0x400 
                0x20001108                . = ALIGN (0x4)

/DISCARD/
 libc.a(*)
 libm.a(*)
 libgcc.a(*)

.ARM.attributes
                0x00000000       0x29
 *(.ARM.attributes)
 .ARM.attributes
                0x00000000       0x1d d:/software_files_technical_bank/truestudio for stm32 9.3.0/armtools/bin/../lib/gcc/arm-atollic-eabi/6.3.1/armv7-m/crti.o
 .ARM.attributes
                0x0000001d       0x2d d:/software_files_technical_bank/truestudio for stm32 9.3.0/armtools/bin/../lib/gcc/arm-atollic-eabi/6.3.1/armv7-m/crtbegin.o
 .ARM.attributes
                0x0000004a       0x33 Drivers\STM32F1xx_HAL_Driver\Src\stm32f1xx_hal.o
 .ARM.attributes
                0x0000007d       0x33 Drivers\STM32F1xx_HAL_Driver\Src\stm32f1xx_hal_adc.o
 .ARM.attributes
                0x000000b0       0x33 Drivers\STM32F1xx_HAL_Driver\Src\stm32f1xx_hal_can.o
 .ARM.attributes
                0x000000e3       0x33 Drivers\STM32F1xx_HAL_Driver\Src\stm32f1xx_hal_cortex.o
 .ARM.attributes
                0x00000116       0x33 Drivers\STM32F1xx_HAL_Driver\Src\stm32f1xx_hal_dma.o
 .ARM.attributes
                0x00000149       0x33 Drivers\STM32F1xx_HAL_Driver\Src\stm32f1xx_hal_gpio.o
 .ARM.attributes
                0x0000017c       0x33 Drivers\STM32F1xx_HAL_Driver\Src\stm32f1xx_hal_i2c.o
 .ARM.attributes
                0x000001af       0x33 Drivers\STM32F1xx_HAL_Driver\Src\stm32f1xx_hal_iwdg.o
 .ARM.attributes
                0x000001e2       0x33 Drivers\STM32F1xx_HAL_Driver\Src\stm32f1xx_hal_rcc.o
 .ARM.attributes
                0x00000215       0x33 Drivers\STM32F1xx_HAL_Driver\Src\stm32f1xx_hal_rcc_ex.o
 .ARM.attributes
                0x00000248       0x33 Drivers\STM32F1xx_HAL_Driver\Src\stm32f1xx_hal_tim.o
 .ARM.attributes
                0x0000027b       0x33 Drivers\STM32F1xx_HAL_Driver\Src\stm32f1xx_hal_tim_ex.o
 .ARM.attributes
                0x000002ae       0x33 Drivers\STM32F1xx_HAL_Driver\Src\stm32f1xx_hal_uart.o
 .ARM.attributes
                0x000002e1       0x33 Src\AlarmTask.o
 .ARM.attributes
                0x00000314       0x33 Src\BH1750.o
 .ARM.attributes
                0x00000347       0x33 Src\CanAnalysis.o
 .ARM.attributes
                0x0000037a       0x33 Src\FilterAlgorithm.o
 .ARM.attributes
                0x000003ad       0x33 Src\Gas.o
 .ARM.attributes
                0x000003e0       0x33 Src\HardwareInit.o
 .ARM.attributes
                0x00000413       0x33 Src\Led.o
 .ARM.attributes
                0x00000446       0x33 Src\LoraNode.o
 .ARM.attributes
                0x00000479       0x33 Src\NBiotTask.o
 .ARM.attributes
                0x000004ac       0x33 Src\NTC.o
 .ARM.attributes
                0x000004df       0x33 Src\Package.o
 .ARM.attributes
                0x00000512       0x33 Src\SHT30.o
 .ARM.attributes
                0x00000545       0x33 Src\SensorTask.o
 .ARM.attributes
                0x00000578       0x33 Src\WaterMeter.o
 .ARM.attributes
                0x000005ab       0x33 Src\adc.o
 .ARM.attributes
                0x000005de       0x33 Src\cJSON.o
 .ARM.attributes
                0x00000611       0x33 Src\can.o
 .ARM.attributes
                0x00000644       0x33 Src\dma.o
 .ARM.attributes
                0x00000677       0x33 Src\gpio.o
 .ARM.attributes
                0x000006aa       0x33 Src\i2c.o
 .ARM.attributes
                0x000006dd       0x33 Src\iwdg.o
 .ARM.attributes
                0x00000710       0x33 Src\main.o
 .ARM.attributes
                0x00000743       0x33 Src\stm32f1xx_hal_msp.o
 .ARM.attributes
                0x00000776       0x33 Src\stm32f1xx_it.o
 .ARM.attributes
                0x000007a9       0x33 Src\syscalls.o
 .ARM.attributes
                0x000007dc       0x33 Src\system_stm32f1xx.o
 .ARM.attributes
                0x0000080f       0x33 Src\tim.o
 .ARM.attributes
                0x00000842       0x33 Src\usart.o
 .ARM.attributes
                0x00000875       0x21 startup\startup_stm32f103xe.o
 .ARM.attributes
                0x00000896       0x2d d:/software_files_technical_bank/truestudio for stm32 9.3.0/armtools/bin/../lib/gcc/arm-atollic-eabi/6.3.1/../../../../arm-atollic-eabi/lib/armv7-m\libc_nano.a(lib_a-errno.o)
 .ARM.attributes
                0x000008c3       0x2d d:/software_files_technical_bank/truestudio for stm32 9.3.0/armtools/bin/../lib/gcc/arm-atollic-eabi/6.3.1/../../../../arm-atollic-eabi/lib/armv7-m\libc_nano.a(lib_a-impure.o)
 .ARM.attributes
                0x000008f0       0x2d d:/software_files_technical_bank/truestudio for stm32 9.3.0/armtools/bin/../lib/gcc/arm-atollic-eabi/6.3.1/../../../../arm-atollic-eabi/lib/armv7-m\libc_nano.a(lib_a-init.o)
 .ARM.attributes
                0x0000091d       0x2d d:/software_files_technical_bank/truestudio for stm32 9.3.0/armtools/bin/../lib/gcc/arm-atollic-eabi/6.3.1/../../../../arm-atollic-eabi/lib/armv7-m\libc_nano.a(lib_a-locale.o)
 .ARM.attributes
                0x0000094a       0x2d d:/software_files_technical_bank/truestudio for stm32 9.3.0/armtools/bin/../lib/gcc/arm-atollic-eabi/6.3.1/../../../../arm-atollic-eabi/lib/armv7-m\libc_nano.a(lib_a-malloc.o)
 .ARM.attributes
                0x00000977       0x2d d:/software_files_technical_bank/truestudio for stm32 9.3.0/armtools/bin/../lib/gcc/arm-atollic-eabi/6.3.1/../../../../arm-atollic-eabi/lib/armv7-m\libc_nano.a(lib_a-mbtowc_r.o)
 .ARM.attributes
                0x000009a4       0x2d d:/software_files_technical_bank/truestudio for stm32 9.3.0/armtools/bin/../lib/gcc/arm-atollic-eabi/6.3.1/../../../../arm-atollic-eabi/lib/armv7-m\libc_nano.a(lib_a-memcpy-stub.o)
 .ARM.attributes
                0x000009d1       0x2d d:/software_files_technical_bank/truestudio for stm32 9.3.0/armtools/bin/../lib/gcc/arm-atollic-eabi/6.3.1/../../../../arm-atollic-eabi/lib/armv7-m\libc_nano.a(lib_a-memset.o)
 .ARM.attributes
                0x000009fe       0x2d d:/software_files_technical_bank/truestudio for stm32 9.3.0/armtools/bin/../lib/gcc/arm-atollic-eabi/6.3.1/../../../../arm-atollic-eabi/lib/armv7-m\libc_nano.a(lib_a-nano-freer.o)
 .ARM.attributes
                0x00000a2b       0x2d d:/software_files_technical_bank/truestudio for stm32 9.3.0/armtools/bin/../lib/gcc/arm-atollic-eabi/6.3.1/../../../../arm-atollic-eabi/lib/armv7-m\libc_nano.a(lib_a-nano-mallocr.o)
 .ARM.attributes
                0x00000a58       0x2d d:/software_files_technical_bank/truestudio for stm32 9.3.0/armtools/bin/../lib/gcc/arm-atollic-eabi/6.3.1/../../../../arm-atollic-eabi/lib/armv7-m\libc_nano.a(lib_a-nano-vfprintf_float.o)
 .ARM.attributes
                0x00000a85       0x2d d:/software_files_technical_bank/truestudio for stm32 9.3.0/armtools/bin/../lib/gcc/arm-atollic-eabi/6.3.1/../../../../arm-atollic-eabi/lib/armv7-m\libc_nano.a(lib_a-nano-vfprintf_i.o)
 .ARM.attributes
                0x00000ab2       0x2d d:/software_files_technical_bank/truestudio for stm32 9.3.0/armtools/bin/../lib/gcc/arm-atollic-eabi/6.3.1/../../../../arm-atollic-eabi/lib/armv7-m\libc_nano.a(lib_a-realloc.o)
 .ARM.attributes
                0x00000adf       0x2d d:/software_files_technical_bank/truestudio for stm32 9.3.0/armtools/bin/../lib/gcc/arm-atollic-eabi/6.3.1/../../../../arm-atollic-eabi/lib/armv7-m\libc_nano.a(lib_a-sbrkr.o)
 .ARM.attributes