stm32f1xx_hal_can.c:222:19:HAL_CAN_Init	24	static
stm32f1xx_hal_can.c:378:19:HAL_CAN_DeInit	16	static
stm32f1xx_hal_can.c:414:13:HAL_CAN_MspInit	16	static
stm32f1xx_hal_can.c:430:13:HAL_CAN_MspDeInit	16	static
stm32f1xx_hal_can.c:468:19:HAL_CAN_ConfigFilter	32	static
stm32f1xx_hal_can.c:634:19:HAL_CAN_Start	24	static
stm32f1xx_hal_can.c:686:19:HAL_CAN_Stop	24	static
stm32f1xx_hal_can.c:741:19:HAL_CAN_RequestSleep	24	static
stm32f1xx_hal_can.c:772:19:HAL_CAN_WakeUp	32	static
stm32f1xx_hal_can.c:821:10:HAL_CAN_IsSleepActive	24	static
stm32f1xx_hal_can.c:852:19:HAL_CAN_AddTxMessage	40	static
stm32f1xx_hal_can.c:960:19:HAL_CAN_AbortTxRequest	24	static
stm32f1xx_hal_can.c:1009:10:HAL_CAN_GetTxMailboxesFreeLevel	24	static
stm32f1xx_hal_can.c:1052:10:HAL_CAN_IsTxMessagePending	24	static
stm32f1xx_hal_can.c:1084:10:HAL_CAN_GetTxTimestamp	40	static
stm32f1xx_hal_can.c:1118:19:HAL_CAN_GetRxMessage	32	static
stm32f1xx_hal_can.c:1208:10:HAL_CAN_GetRxFifoFillLevel	24	static
stm32f1xx_hal_can.c:1261:19:HAL_CAN_ActivateNotification	24	static
stm32f1xx_hal_can.c:1294:19:HAL_CAN_DeactivateNotification	24	static
stm32f1xx_hal_can.c:1325:6:HAL_CAN_IRQHandler	48	static
stm32f1xx_hal_can.c:1671:13:HAL_CAN_TxMailbox0CompleteCallback	16	static
stm32f1xx_hal_can.c:1688:13:HAL_CAN_TxMailbox1CompleteCallback	16	static
stm32f1xx_hal_can.c:1705:13:HAL_CAN_TxMailbox2CompleteCallback	16	static
stm32f1xx_hal_can.c:1722:13:HAL_CAN_TxMailbox0AbortCallback	16	static
stm32f1xx_hal_can.c:1739:13:HAL_CAN_TxMailbox1AbortCallback	16	static
stm32f1xx_hal_can.c:1756:13:HAL_CAN_TxMailbox2AbortCallback	16	static
stm32f1xx_hal_can.c:1773:13:HAL_CAN_RxFifo0MsgPendingCallback	16	static
stm32f1xx_hal_can.c:1790:13:HAL_CAN_RxFifo0FullCallback	16	static
stm32f1xx_hal_can.c:1807:13:HAL_CAN_RxFifo1MsgPendingCallback	16	static
stm32f1xx_hal_can.c:1824:13:HAL_CAN_RxFifo1FullCallback	16	static
stm32f1xx_hal_can.c:1841:13:HAL_CAN_SleepCallback	16	static
stm32f1xx_hal_can.c:1857:13:HAL_CAN_WakeUpFromRxMsgCallback	16	static
stm32f1xx_hal_can.c:1874:13:HAL_CAN_ErrorCallback	16	static
stm32f1xx_hal_can.c:1911:22:HAL_CAN_GetState	24	static
stm32f1xx_hal_can.c:1946:10:HAL_CAN_GetError	16	static
stm32f1xx_hal_can.c:1958:19:HAL_CAN_ResetError	24	static
