cJSON.c:71:28:cJSON_GetErrorPtr	4	static
cJSON.c:76:22:cJSON_GetStringValue	16	static
cJSON.c:89:27:cJSON_Version	16	static
cJSON.c:98:12:case_insensitive_strcmp	32	static
cJSON.c:150:23:cJSON_strdup	24	static
cJSON.c:171:20:cJSON_InitHooks	16	static
cJSON.c:197:15:cJSON_New_Item	24	static
cJSON.c:209:20:cJSON_Delete	24	static
cJSON.c:233:22:get_decimal_point	4	static
cJSON.c:261:19:parse_number	112	static
cJSON.c:338:22:cJSON_SetNumberHelper	32	static
cJSON.c:368:23:ensure	24	static
cJSON.c:456:13:update_offset	32	static
cJSON.c:469:19:print_number	88	static
cJSON.c:535:17:parse_hex4	24	static
cJSON.c:572:22:utf16_literal_to_utf8	48	static
cJSON.c:693:19:parse_string	48	static
cJSON.c:822:19:print_string_ptr	40	static
cJSON.c:944:19:print_string	16	static
cJSON.c:958:22:buffer_skip_whitespace	16	static
cJSON.c:979:22:skip_utf8_bom	16	static
cJSON.c:995:23:cJSON_ParseWithOpts	64	static
cJSON.c:1075:23:cJSON_Parse	16	static
cJSON.c:1082:23:print	64	static
cJSON.c:1147:22:cJSON_Print	16	static
cJSON.c:1152:22:cJSON_PrintUnformatted	16	static
cJSON.c:1157:22:cJSON_PrintBuffered	64	static
cJSON.c:1187:26:cJSON_PrintPreallocated	64	static
cJSON.c:1207:19:parse_value	16	static
cJSON.c:1262:19:print_value	24	static
cJSON.c:1336:19:parse_array	32	static
cJSON.c:1430:19:print_array	32	static
cJSON.c:1492:19:parse_object	32	static
cJSON.c:1601:19:print_object	40	static
cJSON.c:1715:19:cJSON_GetArraySize	24	static
cJSON.c:1738:15:get_array_item	24	static
cJSON.c:1757:23:cJSON_GetArrayItem	16	static
cJSON.c:1767:15:get_object_item	32	static
cJSON.c:1795:23:cJSON_GetObjectItem	16	static
cJSON.c:1800:23:cJSON_GetObjectItemCaseSensitive	16	static
cJSON.c:1805:26:cJSON_HasObjectItem	16	static
cJSON.c:1811:13:suffix_object	16	static
cJSON.c:1818:15:create_reference	24	static
cJSON.c:1839:19:add_item_to_array	24	static
cJSON.c:1869:20:cJSON_AddItemToArray	16	static
cJSON.c:1881:14:cast_away_const	16	static
cJSON.c:1890:19:add_item_to_object	32	static
cJSON.c:1927:20:cJSON_AddItemToObject	32	static
cJSON.c:1933:20:cJSON_AddItemToObjectCS	32	static
cJSON.c:1938:20:cJSON_AddItemReferenceToArray	16	static
cJSON.c:1948:20:cJSON_AddItemReferenceToObject	32	static
cJSON.c:1958:22:cJSON_AddNullToObject	32	static
cJSON.c:1970:22:cJSON_AddTrueToObject	32	static
cJSON.c:1982:22:cJSON_AddFalseToObject	32	static
cJSON.c:1994:22:cJSON_AddBoolToObject	40	static
cJSON.c:2006:22:cJSON_AddNumberToObject	40	static
cJSON.c:2018:22:cJSON_AddStringToObject	40	static
cJSON.c:2030:22:cJSON_AddRawToObject	40	static
cJSON.c:2042:22:cJSON_AddObjectToObject	32	static
cJSON.c:2054:22:cJSON_AddArrayToObject	32	static
cJSON.c:2066:23:cJSON_DetachItemViaPointer	16	static
cJSON.c:2096:23:cJSON_DetachItemFromArray	16	static
cJSON.c:2106:20:cJSON_DeleteItemFromArray	16	static
cJSON.c:2111:23:cJSON_DetachItemFromObject	24	static
cJSON.c:2118:23:cJSON_DetachItemFromObjectCaseSensitive	24	static
cJSON.c:2125:20:cJSON_DeleteItemFromObject	16	static
cJSON.c:2130:20:cJSON_DeleteItemFromObjectCaseSensitive	16	static
cJSON.c:2136:20:cJSON_InsertItemInArray	32	static
cJSON.c:2165:26:cJSON_ReplaceItemViaPointer	24	static
cJSON.c:2200:20:cJSON_ReplaceItemInArray	24	static
cJSON.c:2210:19:replace_item_in_object	24	static
cJSON.c:2230:20:cJSON_ReplaceItemInObject	24	static
cJSON.c:2235:20:cJSON_ReplaceItemInObjectCaseSensitive	24	static
cJSON.c:2241:23:cJSON_CreateNull	16	static
cJSON.c:2252:23:cJSON_CreateTrue	16	static
cJSON.c:2263:23:cJSON_CreateFalse	16	static
cJSON.c:2274:23:cJSON_CreateBool	24	static
cJSON.c:2285:23:cJSON_CreateNumber	32	static
cJSON.c:2311:23:cJSON_CreateString	24	static
cJSON.c:2328:23:cJSON_CreateStringReference	24	static
cJSON.c:2340:23:cJSON_CreateObjectReference	24	static
cJSON.c:2351:23:cJSON_CreateArrayReference	24	static
cJSON.c:2361:23:cJSON_CreateRaw	24	static
cJSON.c:2378:23:cJSON_CreateArray	16	static
cJSON.c:2389:23:cJSON_CreateObject	16	static
cJSON.c:2401:23:cJSON_CreateIntArray	40	static
cJSON.c:2436:23:cJSON_CreateFloatArray	40	static
cJSON.c:2472:23:cJSON_CreateDoubleArray	40	static
cJSON.c:2508:23:cJSON_CreateStringArray	32	static
cJSON.c:2545:23:cJSON_Duplicate	40	static
cJSON.c:2624:20:cJSON_Minify	24	static
cJSON.c:2694:26:cJSON_IsInvalid	16	static
cJSON.c:2704:26:cJSON_IsFalse	16	static
cJSON.c:2714:26:cJSON_IsTrue	16	static
cJSON.c:2725:26:cJSON_IsBool	16	static
cJSON.c:2734:26:cJSON_IsNull	16	static
cJSON.c:2744:26:cJSON_IsNumber	16	static
cJSON.c:2754:26:cJSON_IsString	16	static
cJSON.c:2764:26:cJSON_IsArray	16	static
cJSON.c:2774:26:cJSON_IsObject	16	static
cJSON.c:2784:26:cJSON_IsRaw	16	static
cJSON.c:2794:26:cJSON_Compare	48	static
cJSON.c:2919:22:cJSON_malloc	16	static
cJSON.c:2924:20:cJSON_free	16	static
