LoraNode.c:23:6:LoraNode_Init_Mode	16	static
LoraNode.c:39:6:LoraNode_Reset	8	static
LoraNode.c:51:6:LoraNode_Wake_Sleep	16	static
LoraNode.c:83:6:LoraNode_Mode_Set	16	static
LoraNode.c:97:10:LoraNode_SetMINIRF	56	static
LoraNode.c:123:10:LoraNode_SetRADIO	32	static
LoraNode.c:152:10:LoraNode_SetPERIPH	32	static
LoraNode.c:230:6:LoraNode_Send_AT	16	static
LoraNode.c:237:6:LoraNode_Read	24	static
LoraNode.c:257:10:LoraNode_SetP2P	136	static
LoraNode.c:331:6:Int2Str	32	static
LoraNode.c:360:10:StringCat	24	static
LoraNode.c:381:10:StringCat2	24	static
LoraNode.c:401:7:StringStr	32	static
