NBiotTask.c:84:6:NBiot_Init	8	static
NBiotTask.c:102:6:NBiot_QMTInit	8	static
NBiotTask.c:118:6:NBiot_Task	24	static
NBiotTask.c:151:6:NBiot_QMTOPENCONN	8	static
NBiotTask.c:166:6:NBiot_QMTPUB	16	static
NBiotTask.c:195:6:NBiot_Reset	8	static
NBiotTask.c:205:6:NBiot_USIMConfig	8	static
NBiotTask.c:217:6:NBiot_NetworkRegis	16	static
NBiotTask.c:244:6:NBiot_GetIMEI	16	static
NBiotTask.c:259:6:NBiot_ATSend	16	static
NBiotTask.c:265:6:NBiot_CleanRXBuf	8	static
NBiotTask.c:275:6:Get_MCUUID	24	static
NBiotTask.c:286:6:Get_ATQMTCONN	16	static
