NBiotTask.c:91:6:NBiot_Init	8	static
NBiotTask.c:109:6:NBiot_QMTInit	8	static
NBiotTask.c:126:6:NBiot_Task	24	static
NBiotTask.c:165:6:NBiot_QMTOPENCONN	8	static
NBiotTask.c:180:6:NBiot_QMTSUB	8	static
NBiotTask.c:191:6:NBiot_QMTPUB	16	static
NBiotTask.c:219:6:NBiot_Reset	8	static
NBiotTask.c:229:6:NBiot_USIMConfig	8	static
NBiotTask.c:241:6:NBiot_NetworkRegis	16	static
NBiotTask.c:268:6:NBiot_GetIMEI	16	static
NBiotTask.c:283:6:NBiot_ATSend	16	static
NBiotTask.c:289:6:NBiot_CleanRXBuf	8	static
NBiotTask.c:299:6:Get_MCUUID	24	static
NBiotTask.c:310:6:Get_ATQMTCONN	16	static
