stm32f1xx_it.c:86:6:NMI_Handler	4	static
stm32f1xx_it.c:99:6:HardFault_Handler	4	static
stm32f1xx_it.c:114:6:MemManage_Handler	4	static
stm32f1xx_it.c:129:6:BusFault_Handler	4	static
stm32f1xx_it.c:144:6:UsageFault_Handler	4	static
stm32f1xx_it.c:159:6:SVC_Handler	4	static
stm32f1xx_it.c:172:6:DebugMon_Handler	4	static
stm32f1xx_it.c:185:6:PendSV_Handler	4	static
stm32f1xx_it.c:198:6:SysTick_Handler	8	static
stm32f1xx_it.c:219:6:DMA1_Channel1_IRQHandler	8	static
stm32f1xx_it.c:233:6:DMA1_Channel3_IRQHandler	8	static
stm32f1xx_it.c:247:6:DMA1_Channel5_IRQHandler	8	static
stm32f1xx_it.c:261:6:DMA1_Channel6_IRQHandler	8	static
stm32f1xx_it.c:275:6:DMA1_Channel7_IRQHandler	8	static
stm32f1xx_it.c:289:6:USB_LP_CAN1_RX0_IRQHandler	8	static
stm32f1xx_it.c:303:6:TIM3_IRQHandler	8	static
stm32f1xx_it.c:317:6:USART1_IRQHandler	8	static
stm32f1xx_it.c:331:6:USART2_IRQHandler	8	static
stm32f1xx_it.c:345:6:USART3_IRQHandler	8	static
stm32f1xx_it.c:359:6:TIM5_IRQHandler	8	static
stm32f1xx_it.c:373:6:UART4_IRQHandler	8	static
stm32f1xx_it.c:387:6:DMA2_Channel3_IRQHandler	8	static
stm32f1xx_it.c:401:6:DMA2_Channel4_5_IRQHandler	8	static
